
> trackfo-be@1.0.0 test
> NODE_OPTIONS=--experimental-vm-modules npx jest test/user.test.js --verbose

(node:131223) ExperimentalWarning: VM Modules is an experimental feature and might change at any time
(Use `node --trace-warnings ...` to show where the warning was created)
  console.log
    ✅ User test data seeded

      at Object.log (test/user.test.js:75:13)

  console.log
    prisma:info Starting a mysql pool with 5 connections.

      at Object.log (node_modules/@prisma/internals/src/logger.ts:13:11)

  console.log
    prisma:query SELECT `trackfodb`.`User`.`id`, `trackfodb`.`User`.`nama`, `trackfodb`.`User`.`email`, `trackfodb`.`User`.`password`, `trackfodb`.`User`.`isActive`, `trackfodb`.`User`.`createdAt` FROM `trackfodb`.`User` WHERE (`trackfodb`.`User`.`email` = ? AND 1=1) LIMIT ? OFFSET ?

      at Object.log (node_modules/@prisma/internals/src/logger.ts:13:11)

  console.log
    prisma:query SELECT `trackfodb`.`UserRole`.`userId`, `trackfodb`.`UserRole`.`roleId` FROM `trackfodb`.`UserRole` WHERE `trackfodb`.`UserRole`.`userId` IN (?)

      at Object.log (node_modules/@prisma/internals/src/logger.ts:13:11)

  console.log
    prisma:query SELECT `trackfodb`.`Role`.`id`, `trackfodb`.`Role`.`nama_role` FROM `trackfodb`.`Role` WHERE `trackfodb`.`Role`.`id` IN (?)

      at Object.log (node_modules/@prisma/internals/src/logger.ts:13:11)

  console.log
    LOGIN RESULT: {
      "token": "eyJhbGciOiJIUzI1NiIsInR5cCI6IkpXVCJ9.eyJpZCI6MTg5NiwiZW1haWwiOiJhZG1pbkB0cmFja2ZvLmNvbSIsImlhdCI6MTc3NDgwNzk4NywiZXhwIjoxNzc0ODk0Mzg3LCJpc3MiOiJsYXBvcmtldHVhLWFwaSJ9.0jG-nXybLUY8M1vmrVnnUZh4kb51rva40lJwb5rr7_4",
      "user": {
        "id": 1896,
        "nama": "Test Admin",
        "email": "admin@trackfo.com",
        "roles": [
          "ADMIN"
        ]
      }
    }

      at log (src/controllers/auth.controller.js:19:13)

  console.log
    prisma:query SELECT `trackfodb`.`User`.`id`, `trackfodb`.`User`.`nama`, `trackfodb`.`User`.`email`, `trackfodb`.`User`.`password`, `trackfodb`.`User`.`isActive`, `trackfodb`.`User`.`createdAt` FROM `trackfodb`.`User` WHERE (`trackfodb`.`User`.`email` = ? AND 1=1) LIMIT ? OFFSET ?

      at Object.log (node_modules/@prisma/internals/src/logger.ts:13:11)

  console.log
    prisma:query SELECT `trackfodb`.`UserRole`.`userId`, `trackfodb`.`UserRole`.`roleId` FROM `trackfodb`.`UserRole` WHERE `trackfodb`.`UserRole`.`userId` IN (?)

      at Object.log (node_modules/@prisma/internals/src/logger.ts:13:11)

  console.log
    prisma:query SELECT `trackfodb`.`Role`.`id`, `trackfodb`.`Role`.`nama_role` FROM `trackfodb`.`Role` WHERE `trackfodb`.`Role`.`id` IN (?)

      at Object.log (node_modules/@prisma/internals/src/logger.ts:13:11)

  console.log
    LOGIN RESULT: {
      "token": "eyJhbGciOiJIUzI1NiIsInR5cCI6IkpXVCJ9.eyJpZCI6MTg5NywiZW1haWwiOiJ0ZWtuaXNpMUB0cmFja2ZvLmNvbSIsImlhdCI6MTc3NDgwNzk4NywiZXhwIjoxNzc0ODk0Mzg3LCJpc3MiOiJsYXBvcmtldHVhLWFwaSJ9.1eLR0Lu706modHrSWPhTb8pppuw9DcoL_ne83t_4jTA",
      "user": {
        "id": 1897,
        "nama": "Test Teknisi",
        "email": "teknisi1@trackfo.com",
        "roles": [
          "TEKNISI"
        ]
      }
    }

      at log (src/controllers/auth.controller.js:19:13)

  console.log
    ✅ Tokens obtained

      at Object.log (test/user.test.js:78:13)

  console.log
    prisma:query SELECT `trackfodb`.`User`.`id`, `trackfodb`.`User`.`nama`, `trackfodb`.`User`.`email`, `trackfodb`.`User`.`password`, `trackfodb`.`User`.`isActive`, `trackfodb`.`User`.`createdAt` FROM `trackfodb`.`User` WHERE (`trackfodb`.`User`.`id` = ? AND 1=1) LIMIT ? OFFSET ?

      at Object.log (node_modules/@prisma/internals/src/logger.ts:13:11)

  console.log
    prisma:query SELECT `trackfodb`.`UserRole`.`userId`, `trackfodb`.`UserRole`.`roleId` FROM `trackfodb`.`UserRole` WHERE `trackfodb`.`UserRole`.`userId` IN (?)

      at Object.log (node_modules/@prisma/internals/src/logger.ts:13:11)

  console.log
    prisma:query SELECT `trackfodb`.`Role`.`id`, `trackfodb`.`Role`.`nama_role` FROM `trackfodb`.`Role` WHERE `trackfodb`.`Role`.`id` IN (?)

      at Object.log (node_modules/@prisma/internals/src/logger.ts:13:11)

  console.log
    prisma:query BEGIN

      at Object.log (node_modules/@prisma/internals/src/logger.ts:13:11)

  console.log
    prisma:query SELECT `trackfodb`.`User`.`id`, `trackfodb`.`User`.`nama`, `trackfodb`.`User`.`email`, `trackfodb`.`User`.`password`, `trackfodb`.`User`.`isActive`, `trackfodb`.`User`.`createdAt` FROM `trackfodb`.`User` WHERE (`trackfodb`.`User`.`email` = ? AND 1=1) LIMIT ? OFFSET ?

      at Object.log (node_modules/@prisma/internals/src/logger.ts:13:11)

  console.log
    prisma:query SELECT `trackfodb`.`Role`.`id`, `trackfodb`.`Role`.`nama_role` FROM `trackfodb`.`Role` WHERE `trackfodb`.`Role`.`nama_role` IN (?)

      at Object.log (node_modules/@prisma/internals/src/logger.ts:13:11)

  console.log
    prisma:query INSERT INTO `trackfodb`.`User` (`id`,`nama`,`email`,`password`,`isActive`,`createdAt`) VALUES (?,?,?,?,?,?)

      at Object.log (node_modules/@prisma/internals/src/logger.ts:13:11)

  console.log
    prisma:query INSERT INTO `trackfodb`.`DataTeknisi` (`id`,`userId`,`noHp`,`areaKerja`,`alamat`,`latitude`,`longitude`,`status`) VALUES (?,?,?,?,?,?,?,?)

      at Object.log (node_modules/@prisma/internals/src/logger.ts:13:11)

  console.log
    prisma:query SELECT `trackfodb`.`Role`.`id` FROM `trackfodb`.`Role` WHERE (`trackfodb`.`Role`.`id` = ? AND 1=1) LIMIT ? OFFSET ?

      at Object.log (node_modules/@prisma/internals/src/logger.ts:13:11)

  console.log
    prisma:query INSERT INTO `trackfodb`.`UserRole` (`userId`,`roleId`) VALUES (?,?)

      at Object.log (node_modules/@prisma/internals/src/logger.ts:13:11)

  console.log
    prisma:query SELECT `trackfodb`.`User`.`id`, `trackfodb`.`User`.`nama`, `trackfodb`.`User`.`email`, `trackfodb`.`User`.`password`, `trackfodb`.`User`.`isActive`, `trackfodb`.`User`.`createdAt` FROM `trackfodb`.`User` WHERE `trackfodb`.`User`.`id` = ? LIMIT ? OFFSET ?

      at Object.log (node_modules/@prisma/internals/src/logger.ts:13:11)

  console.log
    prisma:query SELECT `trackfodb`.`UserRole`.`userId`, `trackfodb`.`UserRole`.`roleId` FROM `trackfodb`.`UserRole` WHERE `trackfodb`.`UserRole`.`userId` IN (?)

      at Object.log (node_modules/@prisma/internals/src/logger.ts:13:11)

  console.log
    prisma:query SELECT `trackfodb`.`Role`.`id`, `trackfodb`.`Role`.`nama_role` FROM `trackfodb`.`Role` WHERE `trackfodb`.`Role`.`id` IN (?)

      at Object.log (node_modules/@prisma/internals/src/logger.ts:13:11)

  console.log
    prisma:query SELECT `trackfodb`.`DataTeknisi`.`id`, `trackfodb`.`DataTeknisi`.`userId`, `trackfodb`.`DataTeknisi`.`noHp`, `trackfodb`.`DataTeknisi`.`areaKerja`, `trackfodb`.`DataTeknisi`.`alamat`, `trackfodb`.`DataTeknisi`.`latitude`, `trackfodb`.`DataTeknisi`.`longitude`, `trackfodb`.`DataTeknisi`.`lastSeen`, `trackfodb`.`DataTeknisi`.`status` FROM `trackfodb`.`DataTeknisi` WHERE `trackfodb`.`DataTeknisi`.`userId` IN (?)

      at Object.log (node_modules/@prisma/internals/src/logger.ts:13:11)

  console.log
    prisma:query COMMIT

      at Object.log (node_modules/@prisma/internals/src/logger.ts:13:11)

  console.log
    ✅ User test data seeded

      at Object.log (test/user.test.js:75:13)

  console.log
    prisma:query SELECT `trackfodb`.`User`.`id`, `trackfodb`.`User`.`nama`, `trackfodb`.`User`.`email`, `trackfodb`.`User`.`password`, `trackfodb`.`User`.`isActive`, `trackfodb`.`User`.`createdAt` FROM `trackfodb`.`User` WHERE (`trackfodb`.`User`.`email` = ? AND 1=1) LIMIT ? OFFSET ?

      at Object.log (node_modules/@prisma/internals/src/logger.ts:13:11)

  console.log
    prisma:query SELECT `trackfodb`.`UserRole`.`userId`, `trackfodb`.`UserRole`.`roleId` FROM `trackfodb`.`UserRole` WHERE `trackfodb`.`UserRole`.`userId` IN (?)

      at Object.log (node_modules/@prisma/internals/src/logger.ts:13:11)

  console.log
    prisma:query SELECT `trackfodb`.`Role`.`id`, `trackfodb`.`Role`.`nama_role` FROM `trackfodb`.`Role` WHERE `trackfodb`.`Role`.`id` IN (?)

      at Object.log (node_modules/@prisma/internals/src/logger.ts:13:11)

  console.log
    LOGIN RESULT: {
      "token": "eyJhbGciOiJIUzI1NiIsInR5cCI6IkpXVCJ9.eyJpZCI6MTg5OSwiZW1haWwiOiJhZG1pbkB0cmFja2ZvLmNvbSIsImlhdCI6MTc3NDgwNzk4OCwiZXhwIjoxNzc0ODk0Mzg4LCJpc3MiOiJsYXBvcmtldHVhLWFwaSJ9.zAcPiKmDXuQSj5f9eB-o_oH0D2uftDlIl4Wd0D6LXtQ",
      "user": {
        "id": 1899,
        "nama": "Test Admin",
        "email": "admin@trackfo.com",
        "roles": [
          "ADMIN"
        ]
      }
    }

      at log (src/controllers/auth.controller.js:19:13)

  console.log
    prisma:query SELECT `trackfodb`.`User`.`id`, `trackfodb`.`User`.`nama`, `trackfodb`.`User`.`email`, `trackfodb`.`User`.`password`, `trackfodb`.`User`.`isActive`, `trackfodb`.`User`.`createdAt` FROM `trackfodb`.`User` WHERE (`trackfodb`.`User`.`email` = ? AND 1=1) LIMIT ? OFFSET ?

      at Object.log (node_modules/@prisma/internals/src/logger.ts:13:11)

  console.log
    prisma:query SELECT `trackfodb`.`UserRole`.`userId`, `trackfodb`.`UserRole`.`roleId` FROM `trackfodb`.`UserRole` WHERE `trackfodb`.`UserRole`.`userId` IN (?)

      at Object.log (node_modules/@prisma/internals/src/logger.ts:13:11)

  console.log
    prisma:query SELECT `trackfodb`.`Role`.`id`, `trackfodb`.`Role`.`nama_role` FROM `trackfodb`.`Role` WHERE `trackfodb`.`Role`.`id` IN (?)

      at Object.log (node_modules/@prisma/internals/src/logger.ts:13:11)

  console.log
    LOGIN RESULT: {
      "token": "eyJhbGciOiJIUzI1NiIsInR5cCI6IkpXVCJ9.eyJpZCI6MTkwMCwiZW1haWwiOiJ0ZWtuaXNpMUB0cmFja2ZvLmNvbSIsImlhdCI6MTc3NDgwNzk4OCwiZXhwIjoxNzc0ODk0Mzg4LCJpc3MiOiJsYXBvcmtldHVhLWFwaSJ9.MmvvxqHlTO3-94q7vGdn9eIS8F3iphEy5k0GBzXjp2Q",
      "user": {
        "id": 1900,
        "nama": "Test Teknisi",
        "email": "teknisi1@trackfo.com",
        "roles": [
          "TEKNISI"
        ]
      }
    }

      at log (src/controllers/auth.controller.js:19:13)

  console.log
    ✅ Tokens obtained

      at Object.log (test/user.test.js:78:13)

  console.log
    prisma:query SELECT `trackfodb`.`User`.`id`, `trackfodb`.`User`.`nama`, `trackfodb`.`User`.`email`, `trackfodb`.`User`.`password`, `trackfodb`.`User`.`isActive`, `trackfodb`.`User`.`createdAt` FROM `trackfodb`.`User` WHERE (`trackfodb`.`User`.`id` = ? AND 1=1) LIMIT ? OFFSET ?

      at Object.log (node_modules/@prisma/internals/src/logger.ts:13:11)

  console.log
    prisma:query SELECT `trackfodb`.`UserRole`.`userId`, `trackfodb`.`UserRole`.`roleId` FROM `trackfodb`.`UserRole` WHERE `trackfodb`.`UserRole`.`userId` IN (?)

      at Object.log (node_modules/@prisma/internals/src/logger.ts:13:11)

  console.log
    prisma:query SELECT `trackfodb`.`Role`.`id`, `trackfodb`.`Role`.`nama_role` FROM `trackfodb`.`Role` WHERE `trackfodb`.`Role`.`id` IN (?)

      at Object.log (node_modules/@prisma/internals/src/logger.ts:13:11)

  console.log
    prisma:query BEGIN

      at Object.log (node_modules/@prisma/internals/src/logger.ts:13:11)

  console.log
    prisma:query SELECT `trackfodb`.`User`.`id`, `trackfodb`.`User`.`nama`, `trackfodb`.`User`.`email`, `trackfodb`.`User`.`password`, `trackfodb`.`User`.`isActive`, `trackfodb`.`User`.`createdAt` FROM `trackfodb`.`User` WHERE (`trackfodb`.`User`.`email` = ? AND 1=1) LIMIT ? OFFSET ?

      at Object.log (node_modules/@prisma/internals/src/logger.ts:13:11)

  console.log
    prisma:query SELECT `trackfodb`.`Role`.`id`, `trackfodb`.`Role`.`nama_role` FROM `trackfodb`.`Role` WHERE `trackfodb`.`Role`.`nama_role` IN (?)

      at Object.log (node_modules/@prisma/internals/src/logger.ts:13:11)

  console.log
    prisma:query INSERT INTO `trackfodb`.`User` (`id`,`nama`,`email`,`password`,`isActive`,`createdAt`) VALUES (?,?,?,?,?,?)

      at Object.log (node_modules/@prisma/internals/src/logger.ts:13:11)

  console.log
    prisma:query INSERT INTO `trackfodb`.`DataTeknisi` (`id`,`userId`,`noHp`,`areaKerja`,`latitude`,`longitude`,`status`) VALUES (?,?,?,?,?,?,?)

      at Object.log (node_modules/@prisma/internals/src/logger.ts:13:11)

  console.log
    prisma:query SELECT `trackfodb`.`Role`.`id` FROM `trackfodb`.`Role` WHERE (`trackfodb`.`Role`.`id` = ? AND 1=1) LIMIT ? OFFSET ?

      at Object.log (node_modules/@prisma/internals/src/logger.ts:13:11)

  console.log
    prisma:query INSERT INTO `trackfodb`.`UserRole` (`userId`,`roleId`) VALUES (?,?)

      at Object.log (node_modules/@prisma/internals/src/logger.ts:13:11)

  console.log
    prisma:query SELECT `trackfodb`.`User`.`id`, `trackfodb`.`User`.`nama`, `trackfodb`.`User`.`email`, `trackfodb`.`User`.`password`, `trackfodb`.`User`.`isActive`, `trackfodb`.`User`.`createdAt` FROM `trackfodb`.`User` WHERE `trackfodb`.`User`.`id` = ? LIMIT ? OFFSET ?

      at Object.log (node_modules/@prisma/internals/src/logger.ts:13:11)

  console.log
    prisma:query SELECT `trackfodb`.`UserRole`.`userId`, `trackfodb`.`UserRole`.`roleId` FROM `trackfodb`.`UserRole` WHERE `trackfodb`.`UserRole`.`userId` IN (?)

      at Object.log (node_modules/@prisma/internals/src/logger.ts:13:11)

  console.log
    prisma:query SELECT `trackfodb`.`Role`.`id`, `trackfodb`.`Role`.`nama_role` FROM `trackfodb`.`Role` WHERE `trackfodb`.`Role`.`id` IN (?)

      at Object.log (node_modules/@prisma/internals/src/logger.ts:13:11)

  console.log
    prisma:query SELECT `trackfodb`.`DataTeknisi`.`id`, `trackfodb`.`DataTeknisi`.`userId`, `trackfodb`.`DataTeknisi`.`noHp`, `trackfodb`.`DataTeknisi`.`areaKerja`, `trackfodb`.`DataTeknisi`.`alamat`, `trackfodb`.`DataTeknisi`.`latitude`, `trackfodb`.`DataTeknisi`.`longitude`, `trackfodb`.`DataTeknisi`.`lastSeen`, `trackfodb`.`DataTeknisi`.`status` FROM `trackfodb`.`DataTeknisi` WHERE `trackfodb`.`DataTeknisi`.`userId` IN (?)

      at Object.log (node_modules/@prisma/internals/src/logger.ts:13:11)

  console.log
    prisma:query COMMIT

      at Object.log (node_modules/@prisma/internals/src/logger.ts:13:11)

  console.log
    ✅ User test data seeded

      at Object.log (test/user.test.js:75:13)

  console.log
    prisma:query SELECT `trackfodb`.`User`.`id`, `trackfodb`.`User`.`nama`, `trackfodb`.`User`.`email`, `trackfodb`.`User`.`password`, `trackfodb`.`User`.`isActive`, `trackfodb`.`User`.`createdAt` FROM `trackfodb`.`User` WHERE (`trackfodb`.`User`.`email` = ? AND 1=1) LIMIT ? OFFSET ?

      at Object.log (node_modules/@prisma/internals/src/logger.ts:13:11)

  console.log
    prisma:query SELECT `trackfodb`.`UserRole`.`userId`, `trackfodb`.`UserRole`.`roleId` FROM `trackfodb`.`UserRole` WHERE `trackfodb`.`UserRole`.`userId` IN (?)

      at Object.log (node_modules/@prisma/internals/src/logger.ts:13:11)

  console.log
    prisma:query SELECT `trackfodb`.`Role`.`id`, `trackfodb`.`Role`.`nama_role` FROM `trackfodb`.`Role` WHERE `trackfodb`.`Role`.`id` IN (?)

      at Object.log (node_modules/@prisma/internals/src/logger.ts:13:11)

  console.log
    LOGIN RESULT: {
      "token": "eyJhbGciOiJIUzI1NiIsInR5cCI6IkpXVCJ9.eyJpZCI6MTkwMiwiZW1haWwiOiJhZG1pbkB0cmFja2ZvLmNvbSIsImlhdCI6MTc3NDgwNzk4OSwiZXhwIjoxNzc0ODk0Mzg5LCJpc3MiOiJsYXBvcmtldHVhLWFwaSJ9.kJ_YFOirz2eiDIgqtfnemMFMCu31KFgbjQcYEbLUlno",
      "user": {
        "id": 1902,
        "nama": "Test Admin",
        "email": "admin@trackfo.com",
        "roles": [
          "ADMIN"
        ]
      }
    }

      at log (src/controllers/auth.controller.js:19:13)

  console.log
    prisma:query SELECT `trackfodb`.`User`.`id`, `trackfodb`.`User`.`nama`, `trackfodb`.`User`.`email`, `trackfodb`.`User`.`password`, `trackfodb`.`User`.`isActive`, `trackfodb`.`User`.`createdAt` FROM `trackfodb`.`User` WHERE (`trackfodb`.`User`.`email` = ? AND 1=1) LIMIT ? OFFSET ?

      at Object.log (node_modules/@prisma/internals/src/logger.ts:13:11)

  console.log
    prisma:query SELECT `trackfodb`.`UserRole`.`userId`, `trackfodb`.`UserRole`.`roleId` FROM `trackfodb`.`UserRole` WHERE `trackfodb`.`UserRole`.`userId` IN (?)

      at Object.log (node_modules/@prisma/internals/src/logger.ts:13:11)

  console.log
    prisma:query SELECT `trackfodb`.`Role`.`id`, `trackfodb`.`Role`.`nama_role` FROM `trackfodb`.`Role` WHERE `trackfodb`.`Role`.`id` IN (?)

      at Object.log (node_modules/@prisma/internals/src/logger.ts:13:11)

  console.log
    LOGIN RESULT: {
      "token": "eyJhbGciOiJIUzI1NiIsInR5cCI6IkpXVCJ9.eyJpZCI6MTkwMywiZW1haWwiOiJ0ZWtuaXNpMUB0cmFja2ZvLmNvbSIsImlhdCI6MTc3NDgwNzk5MCwiZXhwIjoxNzc0ODk0MzkwLCJpc3MiOiJsYXBvcmtldHVhLWFwaSJ9.7E971jfW8crZ1-CEBhOtyJp6E7wd5v3kSM_AzuK9kKE",
      "user": {
        "id": 1903,
        "nama": "Test Teknisi",
        "email": "teknisi1@trackfo.com",
        "roles": [
          "TEKNISI"
        ]
      }
    }

      at log (src/controllers/auth.controller.js:19:13)

  console.log
    ✅ Tokens obtained

      at Object.log (test/user.test.js:78:13)

  console.log
    prisma:query SELECT `trackfodb`.`User`.`id`, `trackfodb`.`User`.`nama`, `trackfodb`.`User`.`email`, `trackfodb`.`User`.`password`, `trackfodb`.`User`.`isActive`, `trackfodb`.`User`.`createdAt` FROM `trackfodb`.`User` WHERE (`trackfodb`.`User`.`id` = ? AND 1=1) LIMIT ? OFFSET ?

      at Object.log (node_modules/@prisma/internals/src/logger.ts:13:11)

  console.log
    prisma:query SELECT `trackfodb`.`UserRole`.`userId`, `trackfodb`.`UserRole`.`roleId` FROM `trackfodb`.`UserRole` WHERE `trackfodb`.`UserRole`.`userId` IN (?)

      at Object.log (node_modules/@prisma/internals/src/logger.ts:13:11)

  console.log
    prisma:query SELECT `trackfodb`.`Role`.`id`, `trackfodb`.`Role`.`nama_role` FROM `trackfodb`.`Role` WHERE `trackfodb`.`Role`.`id` IN (?)

      at Object.log (node_modules/@prisma/internals/src/logger.ts:13:11)

  console.log
    ✅ User test data seeded

      at Object.log (test/user.test.js:75:13)

  console.log
    prisma:query SELECT `trackfodb`.`User`.`id`, `trackfodb`.`User`.`nama`, `trackfodb`.`User`.`email`, `trackfodb`.`User`.`password`, `trackfodb`.`User`.`isActive`, `trackfodb`.`User`.`createdAt` FROM `trackfodb`.`User` WHERE (`trackfodb`.`User`.`email` = ? AND 1=1) LIMIT ? OFFSET ?

      at Object.log (node_modules/@prisma/internals/src/logger.ts:13:11)

  console.log
    prisma:query SELECT `trackfodb`.`UserRole`.`userId`, `trackfodb`.`UserRole`.`roleId` FROM `trackfodb`.`UserRole` WHERE `trackfodb`.`UserRole`.`userId` IN (?)

      at Object.log (node_modules/@prisma/internals/src/logger.ts:13:11)

  console.log
    prisma:query SELECT `trackfodb`.`Role`.`id`, `trackfodb`.`Role`.`nama_role` FROM `trackfodb`.`Role` WHERE `trackfodb`.`Role`.`id` IN (?)

      at Object.log (node_modules/@prisma/internals/src/logger.ts:13:11)

  console.log
    LOGIN RESULT: {
      "token": "eyJhbGciOiJIUzI1NiIsInR5cCI6IkpXVCJ9.eyJpZCI6MTkwNCwiZW1haWwiOiJhZG1pbkB0cmFja2ZvLmNvbSIsImlhdCI6MTc3NDgwNzk5MCwiZXhwIjoxNzc0ODk0MzkwLCJpc3MiOiJsYXBvcmtldHVhLWFwaSJ9.Ka7kQtLFWziT4ss83A2G2s6JlMlkrLeD1oBwPjb1e8Q",
      "user": {
        "id": 1904,
        "nama": "Test Admin",
        "email": "admin@trackfo.com",
        "roles": [
          "ADMIN"
        ]
      }
    }

      at log (src/controllers/auth.controller.js:19:13)

  console.log
    prisma:query SELECT `trackfodb`.`User`.`id`, `trackfodb`.`User`.`nama`, `trackfodb`.`User`.`email`, `trackfodb`.`User`.`password`, `trackfodb`.`User`.`isActive`, `trackfodb`.`User`.`createdAt` FROM `trackfodb`.`User` WHERE (`trackfodb`.`User`.`email` = ? AND 1=1) LIMIT ? OFFSET ?

      at Object.log (node_modules/@prisma/internals/src/logger.ts:13:11)

  console.log
    prisma:query SELECT `trackfodb`.`UserRole`.`userId`, `trackfodb`.`UserRole`.`roleId` FROM `trackfodb`.`UserRole` WHERE `trackfodb`.`UserRole`.`userId` IN (?)

      at Object.log (node_modules/@prisma/internals/src/logger.ts:13:11)

  console.log
    prisma:query SELECT `trackfodb`.`Role`.`id`, `trackfodb`.`Role`.`nama_role` FROM `trackfodb`.`Role` WHERE `trackfodb`.`Role`.`id` IN (?)

      at Object.log (node_modules/@prisma/internals/src/logger.ts:13:11)

  console.log
    LOGIN RESULT: {
      "token": "eyJhbGciOiJIUzI1NiIsInR5cCI6IkpXVCJ9.eyJpZCI6MTkwNSwiZW1haWwiOiJ0ZWtuaXNpMUB0cmFja2ZvLmNvbSIsImlhdCI6MTc3NDgwNzk5MSwiZXhwIjoxNzc0ODk0MzkxLCJpc3MiOiJsYXBvcmtldHVhLWFwaSJ9.heK8ldS1wEVC366Ggsex_ZZGOGHZxXd83LwYLZ40uQ8",
      "user": {
        "id": 1905,
        "nama": "Test Teknisi",
        "email": "teknisi1@trackfo.com",
        "roles": [
          "TEKNISI"
        ]
      }
    }

      at log (src/controllers/auth.controller.js:19:13)

  console.log
    ✅ Tokens obtained

      at Object.log (test/user.test.js:78:13)

  console.log
    prisma:query SELECT `trackfodb`.`User`.`id`, `trackfodb`.`User`.`nama`, `trackfodb`.`User`.`email`, `trackfodb`.`User`.`password`, `trackfodb`.`User`.`isActive`, `trackfodb`.`User`.`createdAt` FROM `trackfodb`.`User` WHERE (`trackfodb`.`User`.`id` = ? AND 1=1) LIMIT ? OFFSET ?

      at Object.log (node_modules/@prisma/internals/src/logger.ts:13:11)

  console.log
    prisma:query SELECT `trackfodb`.`UserRole`.`userId`, `trackfodb`.`UserRole`.`roleId` FROM `trackfodb`.`UserRole` WHERE `trackfodb`.`UserRole`.`userId` IN (?)

      at Object.log (node_modules/@prisma/internals/src/logger.ts:13:11)

  console.log
    prisma:query SELECT `trackfodb`.`Role`.`id`, `trackfodb`.`Role`.`nama_role` FROM `trackfodb`.`Role` WHERE `trackfodb`.`Role`.`id` IN (?)

      at Object.log (node_modules/@prisma/internals/src/logger.ts:13:11)

  console.log
    prisma:query BEGIN

      at Object.log (node_modules/@prisma/internals/src/logger.ts:13:11)

  console.log
    prisma:query SELECT `trackfodb`.`User`.`id`, `trackfodb`.`User`.`nama`, `trackfodb`.`User`.`email`, `trackfodb`.`User`.`password`, `trackfodb`.`User`.`isActive`, `trackfodb`.`User`.`createdAt` FROM `trackfodb`.`User` WHERE (`trackfodb`.`User`.`email` = ? AND 1=1) LIMIT ? OFFSET ?

      at Object.log (node_modules/@prisma/internals/src/logger.ts:13:11)

  console.log
    prisma:query ROLLBACK

      at Object.log (node_modules/@prisma/internals/src/logger.ts:13:11)

  console.log
    ✅ User test data seeded

      at Object.log (test/user.test.js:75:13)

  console.log
    prisma:query SELECT `trackfodb`.`User`.`id`, `trackfodb`.`User`.`nama`, `trackfodb`.`User`.`email`, `trackfodb`.`User`.`password`, `trackfodb`.`User`.`isActive`, `trackfodb`.`User`.`createdAt` FROM `trackfodb`.`User` WHERE (`trackfodb`.`User`.`email` = ? AND 1=1) LIMIT ? OFFSET ?

      at Object.log (node_modules/@prisma/internals/src/logger.ts:13:11)

  console.log
    prisma:query SELECT `trackfodb`.`UserRole`.`userId`, `trackfodb`.`UserRole`.`roleId` FROM `trackfodb`.`UserRole` WHERE `trackfodb`.`UserRole`.`userId` IN (?)

      at Object.log (node_modules/@prisma/internals/src/logger.ts:13:11)

  console.log
    prisma:query SELECT `trackfodb`.`Role`.`id`, `trackfodb`.`Role`.`nama_role` FROM `trackfodb`.`Role` WHERE `trackfodb`.`Role`.`id` IN (?)

      at Object.log (node_modules/@prisma/internals/src/logger.ts:13:11)

  console.log
    LOGIN RESULT: {
      "token": "eyJhbGciOiJIUzI1NiIsInR5cCI6IkpXVCJ9.eyJpZCI6MTkwNiwiZW1haWwiOiJhZG1pbkB0cmFja2ZvLmNvbSIsImlhdCI6MTc3NDgwNzk5MSwiZXhwIjoxNzc0ODk0MzkxLCJpc3MiOiJsYXBvcmtldHVhLWFwaSJ9.TtnGLWD0oFYrPqwO5iAC089VYAmES34CrNe7L_noAFg",
      "user": {
        "id": 1906,
        "nama": "Test Admin",
        "email": "admin@trackfo.com",
        "roles": [
          "ADMIN"
        ]
      }
    }

      at log (src/controllers/auth.controller.js:19:13)

  console.log
    prisma:query SELECT `trackfodb`.`User`.`id`, `trackfodb`.`User`.`nama`, `trackfodb`.`User`.`email`, `trackfodb`.`User`.`password`, `trackfodb`.`User`.`isActive`, `trackfodb`.`User`.`createdAt` FROM `trackfodb`.`User` WHERE (`trackfodb`.`User`.`email` = ? AND 1=1) LIMIT ? OFFSET ?

      at Object.log (node_modules/@prisma/internals/src/logger.ts:13:11)

  console.log
    prisma:query SELECT `trackfodb`.`UserRole`.`userId`, `trackfodb`.`UserRole`.`roleId` FROM `trackfodb`.`UserRole` WHERE `trackfodb`.`UserRole`.`userId` IN (?)

      at Object.log (node_modules/@prisma/internals/src/logger.ts:13:11)

  console.log
    prisma:query SELECT `trackfodb`.`Role`.`id`, `trackfodb`.`Role`.`nama_role` FROM `trackfodb`.`Role` WHERE `trackfodb`.`Role`.`id` IN (?)

      at Object.log (node_modules/@prisma/internals/src/logger.ts:13:11)

  console.log
    LOGIN RESULT: {
      "token": "eyJhbGciOiJIUzI1NiIsInR5cCI6IkpXVCJ9.eyJpZCI6MTkwNywiZW1haWwiOiJ0ZWtuaXNpMUB0cmFja2ZvLmNvbSIsImlhdCI6MTc3NDgwNzk5MiwiZXhwIjoxNzc0ODk0MzkyLCJpc3MiOiJsYXBvcmtldHVhLWFwaSJ9.qBxvAf0P6sdNxn91kMY86vxeVbCrYMnqlMtXbBmgz30",
      "user": {
        "id": 1907,
        "nama": "Test Teknisi",
        "email": "teknisi1@trackfo.com",
        "roles": [
          "TEKNISI"
        ]
      }
    }

      at log (src/controllers/auth.controller.js:19:13)

  console.log
    ✅ Tokens obtained

      at Object.log (test/user.test.js:78:13)

  console.log
    prisma:query SELECT `trackfodb`.`User`.`id`, `trackfodb`.`User`.`nama`, `trackfodb`.`User`.`email`, `trackfodb`.`User`.`password`, `trackfodb`.`User`.`isActive`, `trackfodb`.`User`.`createdAt` FROM `trackfodb`.`User` WHERE (`trackfodb`.`User`.`id` = ? AND 1=1) LIMIT ? OFFSET ?

      at Object.log (node_modules/@prisma/internals/src/logger.ts:13:11)

  console.log
    prisma:query SELECT `trackfodb`.`UserRole`.`userId`, `trackfodb`.`UserRole`.`roleId` FROM `trackfodb`.`UserRole` WHERE `trackfodb`.`UserRole`.`userId` IN (?)

      at Object.log (node_modules/@prisma/internals/src/logger.ts:13:11)

  console.log
    prisma:query SELECT `trackfodb`.`Role`.`id`, `trackfodb`.`Role`.`nama_role` FROM `trackfodb`.`Role` WHERE `trackfodb`.`Role`.`id` IN (?)

      at Object.log (node_modules/@prisma/internals/src/logger.ts:13:11)

  console.log
    ✅ User test data seeded

      at Object.log (test/user.test.js:75:13)

  console.log
    prisma:query SELECT `trackfodb`.`User`.`id`, `trackfodb`.`User`.`nama`, `trackfodb`.`User`.`email`, `trackfodb`.`User`.`password`, `trackfodb`.`User`.`isActive`, `trackfodb`.`User`.`createdAt` FROM `trackfodb`.`User` WHERE (`trackfodb`.`User`.`email` = ? AND 1=1) LIMIT ? OFFSET ?

      at Object.log (node_modules/@prisma/internals/src/logger.ts:13:11)

  console.log
    prisma:query SELECT `trackfodb`.`UserRole`.`userId`, `trackfodb`.`UserRole`.`roleId` FROM `trackfodb`.`UserRole` WHERE `trackfodb`.`UserRole`.`userId` IN (?)

      at Object.log (node_modules/@prisma/internals/src/logger.ts:13:11)

  console.log
    prisma:query SELECT `trackfodb`.`Role`.`id`, `trackfodb`.`Role`.`nama_role` FROM `trackfodb`.`Role` WHERE `trackfodb`.`Role`.`id` IN (?)

      at Object.log (node_modules/@prisma/internals/src/logger.ts:13:11)

  console.log
    LOGIN RESULT: {
      "token": "eyJhbGciOiJIUzI1NiIsInR5cCI6IkpXVCJ9.eyJpZCI6MTkwOCwiZW1haWwiOiJhZG1pbkB0cmFja2ZvLmNvbSIsImlhdCI6MTc3NDgwNzk5MiwiZXhwIjoxNzc0ODk0MzkyLCJpc3MiOiJsYXBvcmtldHVhLWFwaSJ9.7PnbzuZWnFOTnnZC7R7LwliXvTAV8hRSJx02GuXLyWo",
      "user": {
        "id": 1908,
        "nama": "Test Admin",
        "email": "admin@trackfo.com",
        "roles": [
          "ADMIN"
        ]
      }
    }

      at log (src/controllers/auth.controller.js:19:13)

  console.log
    prisma:query SELECT `trackfodb`.`User`.`id`, `trackfodb`.`User`.`nama`, `trackfodb`.`User`.`email`, `trackfodb`.`User`.`password`, `trackfodb`.`User`.`isActive`, `trackfodb`.`User`.`createdAt` FROM `trackfodb`.`User` WHERE (`trackfodb`.`User`.`email` = ? AND 1=1) LIMIT ? OFFSET ?

      at Object.log (node_modules/@prisma/internals/src/logger.ts:13:11)

  console.log
    prisma:query SELECT `trackfodb`.`UserRole`.`userId`, `trackfodb`.`UserRole`.`roleId` FROM `trackfodb`.`UserRole` WHERE `trackfodb`.`UserRole`.`userId` IN (?)

      at Object.log (node_modules/@prisma/internals/src/logger.ts:13:11)

  console.log
    prisma:query SELECT `trackfodb`.`Role`.`id`, `trackfodb`.`Role`.`nama_role` FROM `trackfodb`.`Role` WHERE `trackfodb`.`Role`.`id` IN (?)

      at Object.log (node_modules/@prisma/internals/src/logger.ts:13:11)

  console.log
    LOGIN RESULT: {
      "token": "eyJhbGciOiJIUzI1NiIsInR5cCI6IkpXVCJ9.eyJpZCI6MTkwOSwiZW1haWwiOiJ0ZWtuaXNpMUB0cmFja2ZvLmNvbSIsImlhdCI6MTc3NDgwNzk5MywiZXhwIjoxNzc0ODk0MzkzLCJpc3MiOiJsYXBvcmtldHVhLWFwaSJ9.WgeoO4REy31Etmfu8IvqD7fbcTWQrCBq5ocDn3wBPXo",
      "user": {
        "id": 1909,
        "nama": "Test Teknisi",
        "email": "teknisi1@trackfo.com",
        "roles": [
          "TEKNISI"
        ]
      }
    }

      at log (src/controllers/auth.controller.js:19:13)

  console.log
    ✅ Tokens obtained

      at Object.log (test/user.test.js:78:13)

  console.log
    prisma:query SELECT `trackfodb`.`User`.`id`, `trackfodb`.`User`.`nama`, `trackfodb`.`User`.`email`, `trackfodb`.`User`.`password`, `trackfodb`.`User`.`isActive`, `trackfodb`.`User`.`createdAt` FROM `trackfodb`.`User` WHERE (`trackfodb`.`User`.`id` = ? AND 1=1) LIMIT ? OFFSET ?

      at Object.log (node_modules/@prisma/internals/src/logger.ts:13:11)

  console.log
    prisma:query SELECT `trackfodb`.`UserRole`.`userId`, `trackfodb`.`UserRole`.`roleId` FROM `trackfodb`.`UserRole` WHERE `trackfodb`.`UserRole`.`userId` IN (?)

      at Object.log (node_modules/@prisma/internals/src/logger.ts:13:11)

  console.log
    prisma:query SELECT `trackfodb`.`Role`.`id`, `trackfodb`.`Role`.`nama_role` FROM `trackfodb`.`Role` WHERE `trackfodb`.`Role`.`id` IN (?)

      at Object.log (node_modules/@prisma/internals/src/logger.ts:13:11)

  console.log
    prisma:query SELECT `trackfodb`.`User`.`id`, `trackfodb`.`User`.`nama`, `trackfodb`.`User`.`email`, `trackfodb`.`User`.`password`, `trackfodb`.`User`.`isActive`, `trackfodb`.`User`.`createdAt` FROM `trackfodb`.`User` WHERE (EXISTS(SELECT `t0`.`userId` FROM `trackfodb`.`UserRole` AS `t0` LEFT JOIN `trackfodb`.`Role` AS `j1` ON (`j1`.`id`) = (`t0`.`roleId`) WHERE (`j1`.`nama_role` = ? AND (`j1`.`id` IS NOT NULL) AND (`trackfodb`.`User`.`id`) = (`t0`.`userId`) AND `t0`.`userId` IS NOT NULL)) AND `trackfodb`.`User`.`isActive` = ?) ORDER BY `trackfodb`.`User`.`createdAt` DESC

      at Object.log (node_modules/@prisma/internals/src/logger.ts:13:11)

  console.log
    prisma:query SELECT `trackfodb`.`UserRole`.`userId`, `trackfodb`.`UserRole`.`roleId` FROM `trackfodb`.`UserRole` WHERE `trackfodb`.`UserRole`.`userId` IN (?)

      at Object.log (node_modules/@prisma/internals/src/logger.ts:13:11)

  console.log
    prisma:query SELECT `trackfodb`.`Role`.`id`, `trackfodb`.`Role`.`nama_role` FROM `trackfodb`.`Role` WHERE `trackfodb`.`Role`.`id` IN (?)

      at Object.log (node_modules/@prisma/internals/src/logger.ts:13:11)

  console.log
    prisma:query SELECT `trackfodb`.`DataTeknisi`.`id`, `trackfodb`.`DataTeknisi`.`userId`, `trackfodb`.`DataTeknisi`.`noHp`, `trackfodb`.`DataTeknisi`.`areaKerja`, `trackfodb`.`DataTeknisi`.`alamat`, `trackfodb`.`DataTeknisi`.`latitude`, `trackfodb`.`DataTeknisi`.`longitude`, `trackfodb`.`DataTeknisi`.`lastSeen`, `trackfodb`.`DataTeknisi`.`status` FROM `trackfodb`.`DataTeknisi` WHERE `trackfodb`.`DataTeknisi`.`userId` IN (?)

      at Object.log (node_modules/@prisma/internals/src/logger.ts:13:11)

  console.log
    ✅ User test data seeded

      at Object.log (test/user.test.js:75:13)

  console.log
    prisma:query SELECT `trackfodb`.`User`.`id`, `trackfodb`.`User`.`nama`, `trackfodb`.`User`.`email`, `trackfodb`.`User`.`password`, `trackfodb`.`User`.`isActive`, `trackfodb`.`User`.`createdAt` FROM `trackfodb`.`User` WHERE (`trackfodb`.`User`.`email` = ? AND 1=1) LIMIT ? OFFSET ?

      at Object.log (node_modules/@prisma/internals/src/logger.ts:13:11)

  console.log
    prisma:query SELECT `trackfodb`.`UserRole`.`userId`, `trackfodb`.`UserRole`.`roleId` FROM `trackfodb`.`UserRole` WHERE `trackfodb`.`UserRole`.`userId` IN (?)

      at Object.log (node_modules/@prisma/internals/src/logger.ts:13:11)

  console.log
    prisma:query SELECT `trackfodb`.`Role`.`id`, `trackfodb`.`Role`.`nama_role` FROM `trackfodb`.`Role` WHERE `trackfodb`.`Role`.`id` IN (?)

      at Object.log (node_modules/@prisma/internals/src/logger.ts:13:11)

  console.log
    LOGIN RESULT: {
      "token": "eyJhbGciOiJIUzI1NiIsInR5cCI6IkpXVCJ9.eyJpZCI6MTkxMCwiZW1haWwiOiJhZG1pbkB0cmFja2ZvLmNvbSIsImlhdCI6MTc3NDgwNzk5MywiZXhwIjoxNzc0ODk0MzkzLCJpc3MiOiJsYXBvcmtldHVhLWFwaSJ9.y8FGHMfEhjzr9iLn32_bX5Y6huG9WIeqOsFWI9Hg4N4",
      "user": {
        "id": 1910,
        "nama": "Test Admin",
        "email": "admin@trackfo.com",
        "roles": [
          "ADMIN"
        ]
      }
    }

      at log (src/controllers/auth.controller.js:19:13)

  console.log
    prisma:query SELECT `trackfodb`.`User`.`id`, `trackfodb`.`User`.`nama`, `trackfodb`.`User`.`email`, `trackfodb`.`User`.`password`, `trackfodb`.`User`.`isActive`, `trackfodb`.`User`.`createdAt` FROM `trackfodb`.`User` WHERE (`trackfodb`.`User`.`email` = ? AND 1=1) LIMIT ? OFFSET ?

      at Object.log (node_modules/@prisma/internals/src/logger.ts:13:11)

  console.log
    prisma:query SELECT `trackfodb`.`UserRole`.`userId`, `trackfodb`.`UserRole`.`roleId` FROM `trackfodb`.`UserRole` WHERE `trackfodb`.`UserRole`.`userId` IN (?)

      at Object.log (node_modules/@prisma/internals/src/logger.ts:13:11)

  console.log
    prisma:query SELECT `trackfodb`.`Role`.`id`, `trackfodb`.`Role`.`nama_role` FROM `trackfodb`.`Role` WHERE `trackfodb`.`Role`.`id` IN (?)

      at Object.log (node_modules/@prisma/internals/src/logger.ts:13:11)

  console.log
    LOGIN RESULT: {
      "token": "eyJhbGciOiJIUzI1NiIsInR5cCI6IkpXVCJ9.eyJpZCI6MTkxMSwiZW1haWwiOiJ0ZWtuaXNpMUB0cmFja2ZvLmNvbSIsImlhdCI6MTc3NDgwNzk5MywiZXhwIjoxNzc0ODk0MzkzLCJpc3MiOiJsYXBvcmtldHVhLWFwaSJ9.Cn2P_OqHQkbVvbkmdhAWJyw_nndfDYaJ2jpKIljv_K8",
      "user": {
        "id": 1911,
        "nama": "Test Teknisi",
        "email": "teknisi1@trackfo.com",
        "roles": [
          "TEKNISI"
        ]
      }
    }

      at log (src/controllers/auth.controller.js:19:13)

  console.log
    ✅ Tokens obtained

      at Object.log (test/user.test.js:78:13)

  console.log
    prisma:query SELECT `trackfodb`.`User`.`id`, `trackfodb`.`User`.`nama`, `trackfodb`.`User`.`email`, `trackfodb`.`User`.`password`, `trackfodb`.`User`.`isActive`, `trackfodb`.`User`.`createdAt` FROM `trackfodb`.`User` WHERE (`trackfodb`.`User`.`id` = ? AND 1=1) LIMIT ? OFFSET ?

      at Object.log (node_modules/@prisma/internals/src/logger.ts:13:11)

  console.log
    prisma:query SELECT `trackfodb`.`UserRole`.`userId`, `trackfodb`.`UserRole`.`roleId` FROM `trackfodb`.`UserRole` WHERE `trackfodb`.`UserRole`.`userId` IN (?)

      at Object.log (node_modules/@prisma/internals/src/logger.ts:13:11)

  console.log
    prisma:query SELECT `trackfodb`.`Role`.`id`, `trackfodb`.`Role`.`nama_role` FROM `trackfodb`.`Role` WHERE `trackfodb`.`Role`.`id` IN (?)

      at Object.log (node_modules/@prisma/internals/src/logger.ts:13:11)

  console.log
    ✅ User test data seeded

      at Object.log (test/user.test.js:75:13)

  console.log
    prisma:query SELECT `trackfodb`.`User`.`id`, `trackfodb`.`User`.`nama`, `trackfodb`.`User`.`email`, `trackfodb`.`User`.`password`, `trackfodb`.`User`.`isActive`, `trackfodb`.`User`.`createdAt` FROM `trackfodb`.`User` WHERE (`trackfodb`.`User`.`email` = ? AND 1=1) LIMIT ? OFFSET ?

      at Object.log (node_modules/@prisma/internals/src/logger.ts:13:11)

  console.log
    prisma:query SELECT `trackfodb`.`UserRole`.`userId`, `trackfodb`.`UserRole`.`roleId` FROM `trackfodb`.`UserRole` WHERE `trackfodb`.`UserRole`.`userId` IN (?)

      at Object.log (node_modules/@prisma/internals/src/logger.ts:13:11)

  console.log
    prisma:query SELECT `trackfodb`.`Role`.`id`, `trackfodb`.`Role`.`nama_role` FROM `trackfodb`.`Role` WHERE `trackfodb`.`Role`.`id` IN (?)

      at Object.log (node_modules/@prisma/internals/src/logger.ts:13:11)

  console.log
    LOGIN RESULT: {
      "token": "eyJhbGciOiJIUzI1NiIsInR5cCI6IkpXVCJ9.eyJpZCI6MTkxMiwiZW1haWwiOiJhZG1pbkB0cmFja2ZvLmNvbSIsImlhdCI6MTc3NDgwNzk5NCwiZXhwIjoxNzc0ODk0Mzk0LCJpc3MiOiJsYXBvcmtldHVhLWFwaSJ9.o-ouaFmQeTMqVFaXSza-6D87RBJIJdvy2R4MlHPJ_WI",
      "user": {
        "id": 1912,
        "nama": "Test Admin",
        "email": "admin@trackfo.com",
        "roles": [
          "ADMIN"
        ]
      }
    }

      at log (src/controllers/auth.controller.js:19:13)

  console.log
    prisma:query SELECT `trackfodb`.`User`.`id`, `trackfodb`.`User`.`nama`, `trackfodb`.`User`.`email`, `trackfodb`.`User`.`password`, `trackfodb`.`User`.`isActive`, `trackfodb`.`User`.`createdAt` FROM `trackfodb`.`User` WHERE (`trackfodb`.`User`.`email` = ? AND 1=1) LIMIT ? OFFSET ?

      at Object.log (node_modules/@prisma/internals/src/logger.ts:13:11)

  console.log
    prisma:query SELECT `trackfodb`.`UserRole`.`userId`, `trackfodb`.`UserRole`.`roleId` FROM `trackfodb`.`UserRole` WHERE `trackfodb`.`UserRole`.`userId` IN (?)

      at Object.log (node_modules/@prisma/internals/src/logger.ts:13:11)

  console.log
    prisma:query SELECT `trackfodb`.`Role`.`id`, `trackfodb`.`Role`.`nama_role` FROM `trackfodb`.`Role` WHERE `trackfodb`.`Role`.`id` IN (?)

      at Object.log (node_modules/@prisma/internals/src/logger.ts:13:11)

  console.log
    LOGIN RESULT: {
      "token": "eyJhbGciOiJIUzI1NiIsInR5cCI6IkpXVCJ9.eyJpZCI6MTkxMywiZW1haWwiOiJ0ZWtuaXNpMUB0cmFja2ZvLmNvbSIsImlhdCI6MTc3NDgwNzk5NCwiZXhwIjoxNzc0ODk0Mzk0LCJpc3MiOiJsYXBvcmtldHVhLWFwaSJ9.lcPlAgzLsdvolvuJkMfvSSvfNYbbRxorQCDWfjquN0E",
      "user": {
        "id": 1913,
        "nama": "Test Teknisi",
        "email": "teknisi1@trackfo.com",
        "roles": [
          "TEKNISI"
        ]
      }
    }

      at log (src/controllers/auth.controller.js:19:13)

  console.log
    ✅ Tokens obtained

      at Object.log (test/user.test.js:78:13)

  console.log
    prisma:query SELECT `trackfodb`.`User`.`id`, `trackfodb`.`User`.`nama`, `trackfodb`.`User`.`email`, `trackfodb`.`User`.`password`, `trackfodb`.`User`.`isActive`, `trackfodb`.`User`.`createdAt` FROM `trackfodb`.`User` WHERE (`trackfodb`.`User`.`id` = ? AND 1=1) LIMIT ? OFFSET ?

      at Object.log (node_modules/@prisma/internals/src/logger.ts:13:11)

  console.log
    prisma:query SELECT `trackfodb`.`UserRole`.`userId`, `trackfodb`.`UserRole`.`roleId` FROM `trackfodb`.`UserRole` WHERE `trackfodb`.`UserRole`.`userId` IN (?)

      at Object.log (node_modules/@prisma/internals/src/logger.ts:13:11)

  console.log
    prisma:query SELECT `trackfodb`.`Role`.`id`, `trackfodb`.`Role`.`nama_role` FROM `trackfodb`.`Role` WHERE `trackfodb`.`Role`.`id` IN (?)

      at Object.log (node_modules/@prisma/internals/src/logger.ts:13:11)

  console.log
    prisma:query SELECT `trackfodb`.`User`.`id`, `trackfodb`.`User`.`nama`, `trackfodb`.`User`.`email`, `trackfodb`.`User`.`password`, `trackfodb`.`User`.`isActive`, `trackfodb`.`User`.`createdAt` FROM `trackfodb`.`User` WHERE (`trackfodb`.`User`.`id` = ? AND 1=1) LIMIT ? OFFSET ?

      at Object.log (node_modules/@prisma/internals/src/logger.ts:13:11)

  console.log
    prisma:query SELECT `trackfodb`.`UserRole`.`userId`, `trackfodb`.`UserRole`.`roleId` FROM `trackfodb`.`UserRole` WHERE `trackfodb`.`UserRole`.`userId` IN (?)

      at Object.log (node_modules/@prisma/internals/src/logger.ts:13:11)

  console.log
    prisma:query SELECT `trackfodb`.`Role`.`id`, `trackfodb`.`Role`.`nama_role` FROM `trackfodb`.`Role` WHERE `trackfodb`.`Role`.`id` IN (?)

      at Object.log (node_modules/@prisma/internals/src/logger.ts:13:11)

  console.log
    prisma:query SELECT `trackfodb`.`DataTeknisi`.`id`, `trackfodb`.`DataTeknisi`.`userId`, `trackfodb`.`DataTeknisi`.`noHp`, `trackfodb`.`DataTeknisi`.`areaKerja`, `trackfodb`.`DataTeknisi`.`alamat`, `trackfodb`.`DataTeknisi`.`latitude`, `trackfodb`.`DataTeknisi`.`longitude`, `trackfodb`.`DataTeknisi`.`lastSeen`, `trackfodb`.`DataTeknisi`.`status` FROM `trackfodb`.`DataTeknisi` WHERE `trackfodb`.`DataTeknisi`.`userId` IN (?)

      at Object.log (node_modules/@prisma/internals/src/logger.ts:13:11)

  console.log
    ✅ User test data seeded

      at Object.log (test/user.test.js:75:13)

  console.log
    prisma:query SELECT `trackfodb`.`User`.`id`, `trackfodb`.`User`.`nama`, `trackfodb`.`User`.`email`, `trackfodb`.`User`.`password`, `trackfodb`.`User`.`isActive`, `trackfodb`.`User`.`createdAt` FROM `trackfodb`.`User` WHERE (`trackfodb`.`User`.`email` = ? AND 1=1) LIMIT ? OFFSET ?

      at Object.log (node_modules/@prisma/internals/src/logger.ts:13:11)

  console.log
    prisma:query SELECT `trackfodb`.`UserRole`.`userId`, `trackfodb`.`UserRole`.`roleId` FROM `trackfodb`.`UserRole` WHERE `trackfodb`.`UserRole`.`userId` IN (?)

      at Object.log (node_modules/@prisma/internals/src/logger.ts:13:11)

  console.log
    prisma:query SELECT `trackfodb`.`Role`.`id`, `trackfodb`.`Role`.`nama_role` FROM `trackfodb`.`Role` WHERE `trackfodb`.`Role`.`id` IN (?)

      at Object.log (node_modules/@prisma/internals/src/logger.ts:13:11)

  console.log
    LOGIN RESULT: {
      "token": "eyJhbGciOiJIUzI1NiIsInR5cCI6IkpXVCJ9.eyJpZCI6MTkxNCwiZW1haWwiOiJhZG1pbkB0cmFja2ZvLmNvbSIsImlhdCI6MTc3NDgwNzk5NSwiZXhwIjoxNzc0ODk0Mzk1LCJpc3MiOiJsYXBvcmtldHVhLWFwaSJ9.jyaxrDckNo4avgQaeRJY4b9qbru6trh21HpxoUNQZ4o",
      "user": {
        "id": 1914,
        "nama": "Test Admin",
        "email": "admin@trackfo.com",
        "roles": [
          "ADMIN"
        ]
      }
    }

      at log (src/controllers/auth.controller.js:19:13)

  console.log
    prisma:query SELECT `trackfodb`.`User`.`id`, `trackfodb`.`User`.`nama`, `trackfodb`.`User`.`email`, `trackfodb`.`User`.`password`, `trackfodb`.`User`.`isActive`, `trackfodb`.`User`.`createdAt` FROM `trackfodb`.`User` WHERE (`trackfodb`.`User`.`email` = ? AND 1=1) LIMIT ? OFFSET ?

      at Object.log (node_modules/@prisma/internals/src/logger.ts:13:11)

  console.log
    prisma:query SELECT `trackfodb`.`UserRole`.`userId`, `trackfodb`.`UserRole`.`roleId` FROM `trackfodb`.`UserRole` WHERE `trackfodb`.`UserRole`.`userId` IN (?)

      at Object.log (node_modules/@prisma/internals/src/logger.ts:13:11)

  console.log
    prisma:query SELECT `trackfodb`.`Role`.`id`, `trackfodb`.`Role`.`nama_role` FROM `trackfodb`.`Role` WHERE `trackfodb`.`Role`.`id` IN (?)

      at Object.log (node_modules/@prisma/internals/src/logger.ts:13:11)

  console.log
    LOGIN RESULT: {
      "token": "eyJhbGciOiJIUzI1NiIsInR5cCI6IkpXVCJ9.eyJpZCI6MTkxNSwiZW1haWwiOiJ0ZWtuaXNpMUB0cmFja2ZvLmNvbSIsImlhdCI6MTc3NDgwNzk5NSwiZXhwIjoxNzc0ODk0Mzk1LCJpc3MiOiJsYXBvcmtldHVhLWFwaSJ9.3rz5wGT_tNoZ86Zkgf49V4CbU_VU9NsTVhODZzIS-jI",
      "user": {
        "id": 1915,
        "nama": "Test Teknisi",
        "email": "teknisi1@trackfo.com",
        "roles": [
          "TEKNISI"
        ]
      }
    }

      at log (src/controllers/auth.controller.js:19:13)

  console.log
    ✅ Tokens obtained

      at Object.log (test/user.test.js:78:13)

  console.log
    ✅ User test data seeded

      at Object.log (test/user.test.js:75:13)

  console.log
    prisma:query SELECT `trackfodb`.`User`.`id`, `trackfodb`.`User`.`nama`, `trackfodb`.`User`.`email`, `trackfodb`.`User`.`password`, `trackfodb`.`User`.`isActive`, `trackfodb`.`User`.`createdAt` FROM `trackfodb`.`User` WHERE (`trackfodb`.`User`.`email` = ? AND 1=1) LIMIT ? OFFSET ?

      at Object.log (node_modules/@prisma/internals/src/logger.ts:13:11)

  console.log
    prisma:query SELECT `trackfodb`.`UserRole`.`userId`, `trackfodb`.`UserRole`.`roleId` FROM `trackfodb`.`UserRole` WHERE `trackfodb`.`UserRole`.`userId` IN (?)

      at Object.log (node_modules/@prisma/internals/src/logger.ts:13:11)

  console.log
    prisma:query SELECT `trackfodb`.`Role`.`id`, `trackfodb`.`Role`.`nama_role` FROM `trackfodb`.`Role` WHERE `trackfodb`.`Role`.`id` IN (?)

      at Object.log (node_modules/@prisma/internals/src/logger.ts:13:11)

  console.log
    LOGIN RESULT: {
      "token": "eyJhbGciOiJIUzI1NiIsInR5cCI6IkpXVCJ9.eyJpZCI6MTkxNiwiZW1haWwiOiJhZG1pbkB0cmFja2ZvLmNvbSIsImlhdCI6MTc3NDgwNzk5NiwiZXhwIjoxNzc0ODk0Mzk2LCJpc3MiOiJsYXBvcmtldHVhLWFwaSJ9.UUzTZpQQSE3d5YPof-HRNTV2SSAJeHnvtIpe2fqLTDQ",
      "user": {
        "id": 1916,
        "nama": "Test Admin",
        "email": "admin@trackfo.com",
        "roles": [
          "ADMIN"
        ]
      }
    }

      at log (src/controllers/auth.controller.js:19:13)

  console.log
    prisma:query SELECT `trackfodb`.`User`.`id`, `trackfodb`.`User`.`nama`, `trackfodb`.`User`.`email`, `trackfodb`.`User`.`password`, `trackfodb`.`User`.`isActive`, `trackfodb`.`User`.`createdAt` FROM `trackfodb`.`User` WHERE (`trackfodb`.`User`.`email` = ? AND 1=1) LIMIT ? OFFSET ?

      at Object.log (node_modules/@prisma/internals/src/logger.ts:13:11)

  console.log
    prisma:query SELECT `trackfodb`.`UserRole`.`userId`, `trackfodb`.`UserRole`.`roleId` FROM `trackfodb`.`UserRole` WHERE `trackfodb`.`UserRole`.`userId` IN (?)

      at Object.log (node_modules/@prisma/internals/src/logger.ts:13:11)

  console.log
    prisma:query SELECT `trackfodb`.`Role`.`id`, `trackfodb`.`Role`.`nama_role` FROM `trackfodb`.`Role` WHERE `trackfodb`.`Role`.`id` IN (?)

      at Object.log (node_modules/@prisma/internals/src/logger.ts:13:11)

  console.log
    LOGIN RESULT: {
      "token": "eyJhbGciOiJIUzI1NiIsInR5cCI6IkpXVCJ9.eyJpZCI6MTkxNywiZW1haWwiOiJ0ZWtuaXNpMUB0cmFja2ZvLmNvbSIsImlhdCI6MTc3NDgwNzk5NiwiZXhwIjoxNzc0ODk0Mzk2LCJpc3MiOiJsYXBvcmtldHVhLWFwaSJ9.6i3e0K18p2N7At6ogd_zGwtV_9Fo7JTqx-5AMbEUaRU",
      "user": {
        "id": 1917,
        "nama": "Test Teknisi",
        "email": "teknisi1@trackfo.com",
        "roles": [
          "TEKNISI"
        ]
      }
    }

      at log (src/controllers/auth.controller.js:19:13)

  console.log
    ✅ Tokens obtained

      at Object.log (test/user.test.js:78:13)

  console.log
    prisma:query SELECT `trackfodb`.`User`.`id`, `trackfodb`.`User`.`nama`, `trackfodb`.`User`.`email`, `trackfodb`.`User`.`password`, `trackfodb`.`User`.`isActive`, `trackfodb`.`User`.`createdAt` FROM `trackfodb`.`User` WHERE (`trackfodb`.`User`.`id` = ? AND 1=1) LIMIT ? OFFSET ?

      at Object.log (node_modules/@prisma/internals/src/logger.ts:13:11)

  console.log
    prisma:query SELECT `trackfodb`.`UserRole`.`userId`, `trackfodb`.`UserRole`.`roleId` FROM `trackfodb`.`UserRole` WHERE `trackfodb`.`UserRole`.`userId` IN (?)

      at Object.log (node_modules/@prisma/internals/src/logger.ts:13:11)

  console.log
    prisma:query SELECT `trackfodb`.`Role`.`id`, `trackfodb`.`Role`.`nama_role` FROM `trackfodb`.`Role` WHERE `trackfodb`.`Role`.`id` IN (?)

      at Object.log (node_modules/@prisma/internals/src/logger.ts:13:11)

  console.log
    prisma:query BEGIN

      at Object.log (node_modules/@prisma/internals/src/logger.ts:13:11)

  console.log
    prisma:query SELECT `trackfodb`.`DataTeknisi`.`id` FROM `trackfodb`.`DataTeknisi` WHERE (`trackfodb`.`DataTeknisi`.`userId` = ? AND 1=1)

      at Object.log (node_modules/@prisma/internals/src/logger.ts:13:11)

  console.log
    prisma:query UPDATE `trackfodb`.`DataTeknisi` SET `noHp` = ?, `areaKerja` = ?, `alamat` = ? WHERE (`trackfodb`.`DataTeknisi`.`id` IN (?) AND (`trackfodb`.`DataTeknisi`.`userId` = ? AND 1=1))

      at Object.log (node_modules/@prisma/internals/src/logger.ts:13:11)

  console.log
    prisma:query SELECT `trackfodb`.`DataTeknisi`.`id`, `trackfodb`.`DataTeknisi`.`userId`, `trackfodb`.`DataTeknisi`.`noHp`, `trackfodb`.`DataTeknisi`.`areaKerja`, `trackfodb`.`DataTeknisi`.`alamat`, `trackfodb`.`DataTeknisi`.`latitude`, `trackfodb`.`DataTeknisi`.`longitude`, `trackfodb`.`DataTeknisi`.`lastSeen`, `trackfodb`.`DataTeknisi`.`status` FROM `trackfodb`.`DataTeknisi` WHERE `trackfodb`.`DataTeknisi`.`id` = ? LIMIT ? OFFSET ?

      at Object.log (node_modules/@prisma/internals/src/logger.ts:13:11)

  console.log
    prisma:query SELECT `trackfodb`.`User`.`id`, `trackfodb`.`User`.`nama`, `trackfodb`.`User`.`email`, `trackfodb`.`User`.`password`, `trackfodb`.`User`.`isActive`, `trackfodb`.`User`.`createdAt` FROM `trackfodb`.`User` WHERE (`trackfodb`.`User`.`id` = ? AND 1=1) LIMIT ? OFFSET ?

      at Object.log (node_modules/@prisma/internals/src/logger.ts:13:11)

  console.log
    prisma:query SELECT `trackfodb`.`UserRole`.`userId`, `trackfodb`.`UserRole`.`roleId` FROM `trackfodb`.`UserRole` WHERE `trackfodb`.`UserRole`.`userId` IN (?)

      at Object.log (node_modules/@prisma/internals/src/logger.ts:13:11)

  console.log
    prisma:query SELECT `trackfodb`.`Role`.`id`, `trackfodb`.`Role`.`nama_role` FROM `trackfodb`.`Role` WHERE `trackfodb`.`Role`.`id` IN (?)

      at Object.log (node_modules/@prisma/internals/src/logger.ts:13:11)

  console.log
    prisma:query SELECT `trackfodb`.`DataTeknisi`.`id`, `trackfodb`.`DataTeknisi`.`userId`, `trackfodb`.`DataTeknisi`.`noHp`, `trackfodb`.`DataTeknisi`.`areaKerja`, `trackfodb`.`DataTeknisi`.`alamat`, `trackfodb`.`DataTeknisi`.`latitude`, `trackfodb`.`DataTeknisi`.`longitude`, `trackfodb`.`DataTeknisi`.`lastSeen`, `trackfodb`.`DataTeknisi`.`status` FROM `trackfodb`.`DataTeknisi` WHERE `trackfodb`.`DataTeknisi`.`userId` IN (?)

      at Object.log (node_modules/@prisma/internals/src/logger.ts:13:11)

  console.log
    prisma:query COMMIT

      at Object.log (node_modules/@prisma/internals/src/logger.ts:13:11)

  console.log
    ✅ User test data seeded

      at Object.log (test/user.test.js:75:13)

  console.log
    prisma:query SELECT `trackfodb`.`User`.`id`, `trackfodb`.`User`.`nama`, `trackfodb`.`User`.`email`, `trackfodb`.`User`.`password`, `trackfodb`.`User`.`isActive`, `trackfodb`.`User`.`createdAt` FROM `trackfodb`.`User` WHERE (`trackfodb`.`User`.`email` = ? AND 1=1) LIMIT ? OFFSET ?

      at Object.log (node_modules/@prisma/internals/src/logger.ts:13:11)

  console.log
    prisma:query SELECT `trackfodb`.`UserRole`.`userId`, `trackfodb`.`UserRole`.`roleId` FROM `trackfodb`.`UserRole` WHERE `trackfodb`.`UserRole`.`userId` IN (?)

      at Object.log (node_modules/@prisma/internals/src/logger.ts:13:11)

  console.log
    prisma:query SELECT `trackfodb`.`Role`.`id`, `trackfodb`.`Role`.`nama_role` FROM `trackfodb`.`Role` WHERE `trackfodb`.`Role`.`id` IN (?)

      at Object.log (node_modules/@prisma/internals/src/logger.ts:13:11)

  console.log
    LOGIN RESULT: {
      "token": "eyJhbGciOiJIUzI1NiIsInR5cCI6IkpXVCJ9.eyJpZCI6MTkxOCwiZW1haWwiOiJhZG1pbkB0cmFja2ZvLmNvbSIsImlhdCI6MTc3NDgwNzk5NywiZXhwIjoxNzc0ODk0Mzk3LCJpc3MiOiJsYXBvcmtldHVhLWFwaSJ9.kX00suHfCv629AIDwKHBt-B7faL4T8bVu0NZ6v4NZkE",
      "user": {
        "id": 1918,
        "nama": "Test Admin",
        "email": "admin@trackfo.com",
        "roles": [
          "ADMIN"
        ]
      }
    }

      at log (src/controllers/auth.controller.js:19:13)

  console.log
    prisma:query SELECT `trackfodb`.`User`.`id`, `trackfodb`.`User`.`nama`, `trackfodb`.`User`.`email`, `trackfodb`.`User`.`password`, `trackfodb`.`User`.`isActive`, `trackfodb`.`User`.`createdAt` FROM `trackfodb`.`User` WHERE (`trackfodb`.`User`.`email` = ? AND 1=1) LIMIT ? OFFSET ?

      at Object.log (node_modules/@prisma/internals/src/logger.ts:13:11)

  console.log
    prisma:query SELECT `trackfodb`.`UserRole`.`userId`, `trackfodb`.`UserRole`.`roleId` FROM `trackfodb`.`UserRole` WHERE `trackfodb`.`UserRole`.`userId` IN (?)

      at Object.log (node_modules/@prisma/internals/src/logger.ts:13:11)

  console.log
    prisma:query SELECT `trackfodb`.`Role`.`id`, `trackfodb`.`Role`.`nama_role` FROM `trackfodb`.`Role` WHERE `trackfodb`.`Role`.`id` IN (?)

      at Object.log (node_modules/@prisma/internals/src/logger.ts:13:11)

  console.log
    LOGIN RESULT: {
      "token": "eyJhbGciOiJIUzI1NiIsInR5cCI6IkpXVCJ9.eyJpZCI6MTkxOSwiZW1haWwiOiJ0ZWtuaXNpMUB0cmFja2ZvLmNvbSIsImlhdCI6MTc3NDgwNzk5NywiZXhwIjoxNzc0ODk0Mzk3LCJpc3MiOiJsYXBvcmtldHVhLWFwaSJ9.KsW5dLw5GEmEwGti--ux6PSOIbbaZ83ME5Kw1Ru0n2g",
      "user": {
        "id": 1919,
        "nama": "Test Teknisi",
        "email": "teknisi1@trackfo.com",
        "roles": [
          "TEKNISI"
        ]
      }
    }

      at log (src/controllers/auth.controller.js:19:13)

  console.log
    ✅ Tokens obtained

      at Object.log (test/user.test.js:78:13)

  console.log
    prisma:query SELECT `trackfodb`.`User`.`id`, `trackfodb`.`User`.`nama`, `trackfodb`.`User`.`email`, `trackfodb`.`User`.`password`, `trackfodb`.`User`.`isActive`, `trackfodb`.`User`.`createdAt` FROM `trackfodb`.`User` WHERE (`trackfodb`.`User`.`id` = ? AND 1=1) LIMIT ? OFFSET ?

      at Object.log (node_modules/@prisma/internals/src/logger.ts:13:11)

  console.log
    prisma:query SELECT `trackfodb`.`UserRole`.`userId`, `trackfodb`.`UserRole`.`roleId` FROM `trackfodb`.`UserRole` WHERE `trackfodb`.`UserRole`.`userId` IN (?)

      at Object.log (node_modules/@prisma/internals/src/logger.ts:13:11)

  console.log
    prisma:query SELECT `trackfodb`.`Role`.`id`, `trackfodb`.`Role`.`nama_role` FROM `trackfodb`.`Role` WHERE `trackfodb`.`Role`.`id` IN (?)

      at Object.log (node_modules/@prisma/internals/src/logger.ts:13:11)

  console.log
    prisma:query BEGIN

      at Object.log (node_modules/@prisma/internals/src/logger.ts:13:11)

  console.log
    prisma:query SELECT `trackfodb`.`DataTeknisi`.`id` FROM `trackfodb`.`DataTeknisi` WHERE (`trackfodb`.`DataTeknisi`.`userId` = ? AND 1=1)

      at Object.log (node_modules/@prisma/internals/src/logger.ts:13:11)

  console.log
    prisma:query UPDATE `trackfodb`.`DataTeknisi` SET `noHp` = ?, `areaKerja` = ? WHERE (`trackfodb`.`DataTeknisi`.`id` IN (?) AND (`trackfodb`.`DataTeknisi`.`userId` = ? AND 1=1))

      at Object.log (node_modules/@prisma/internals/src/logger.ts:13:11)

  console.log
    prisma:query SELECT `trackfodb`.`DataTeknisi`.`id`, `trackfodb`.`DataTeknisi`.`userId`, `trackfodb`.`DataTeknisi`.`noHp`, `trackfodb`.`DataTeknisi`.`areaKerja`, `trackfodb`.`DataTeknisi`.`alamat`, `trackfodb`.`DataTeknisi`.`latitude`, `trackfodb`.`DataTeknisi`.`longitude`, `trackfodb`.`DataTeknisi`.`lastSeen`, `trackfodb`.`DataTeknisi`.`status` FROM `trackfodb`.`DataTeknisi` WHERE `trackfodb`.`DataTeknisi`.`id` = ? LIMIT ? OFFSET ?

      at Object.log (node_modules/@prisma/internals/src/logger.ts:13:11)

  console.log
    prisma:query SELECT `trackfodb`.`User`.`id`, `trackfodb`.`User`.`nama`, `trackfodb`.`User`.`email`, `trackfodb`.`User`.`password`, `trackfodb`.`User`.`isActive`, `trackfodb`.`User`.`createdAt` FROM `trackfodb`.`User` WHERE (`trackfodb`.`User`.`id` = ? AND 1=1) LIMIT ? OFFSET ?

      at Object.log (node_modules/@prisma/internals/src/logger.ts:13:11)

  console.log
    prisma:query SELECT `trackfodb`.`UserRole`.`userId`, `trackfodb`.`UserRole`.`roleId` FROM `trackfodb`.`UserRole` WHERE `trackfodb`.`UserRole`.`userId` IN (?)

      at Object.log (node_modules/@prisma/internals/src/logger.ts:13:11)

  console.log
    prisma:query SELECT `trackfodb`.`Role`.`id`, `trackfodb`.`Role`.`nama_role` FROM `trackfodb`.`Role` WHERE `trackfodb`.`Role`.`id` IN (?)

      at Object.log (node_modules/@prisma/internals/src/logger.ts:13:11)

  console.log
    prisma:query SELECT `trackfodb`.`DataTeknisi`.`id`, `trackfodb`.`DataTeknisi`.`userId`, `trackfodb`.`DataTeknisi`.`noHp`, `trackfodb`.`DataTeknisi`.`areaKerja`, `trackfodb`.`DataTeknisi`.`alamat`, `trackfodb`.`DataTeknisi`.`latitude`, `trackfodb`.`DataTeknisi`.`longitude`, `trackfodb`.`DataTeknisi`.`lastSeen`, `trackfodb`.`DataTeknisi`.`status` FROM `trackfodb`.`DataTeknisi` WHERE `trackfodb`.`DataTeknisi`.`userId` IN (?)

      at Object.log (node_modules/@prisma/internals/src/logger.ts:13:11)

  console.log
    prisma:query COMMIT

      at Object.log (node_modules/@prisma/internals/src/logger.ts:13:11)

  console.log
    ✅ User test data seeded

      at Object.log (test/user.test.js:75:13)

  console.log
    prisma:query SELECT `trackfodb`.`User`.`id`, `trackfodb`.`User`.`nama`, `trackfodb`.`User`.`email`, `trackfodb`.`User`.`password`, `trackfodb`.`User`.`isActive`, `trackfodb`.`User`.`createdAt` FROM `trackfodb`.`User` WHERE (`trackfodb`.`User`.`email` = ? AND 1=1) LIMIT ? OFFSET ?

      at Object.log (node_modules/@prisma/internals/src/logger.ts:13:11)

  console.log
    prisma:query SELECT `trackfodb`.`UserRole`.`userId`, `trackfodb`.`UserRole`.`roleId` FROM `trackfodb`.`UserRole` WHERE `trackfodb`.`UserRole`.`userId` IN (?)

      at Object.log (node_modules/@prisma/internals/src/logger.ts:13:11)

  console.log
    prisma:query SELECT `trackfodb`.`Role`.`id`, `trackfodb`.`Role`.`nama_role` FROM `trackfodb`.`Role` WHERE `trackfodb`.`Role`.`id` IN (?)

      at Object.log (node_modules/@prisma/internals/src/logger.ts:13:11)

  console.log
    LOGIN RESULT: {
      "token": "eyJhbGciOiJIUzI1NiIsInR5cCI6IkpXVCJ9.eyJpZCI6MTkyMCwiZW1haWwiOiJhZG1pbkB0cmFja2ZvLmNvbSIsImlhdCI6MTc3NDgwNzk5OCwiZXhwIjoxNzc0ODk0Mzk4LCJpc3MiOiJsYXBvcmtldHVhLWFwaSJ9.4E-dr2M_mejLeYol00XG0FLPwBsCy9-3TJDKus_6fNw",
      "user": {
        "id": 1920,
        "nama": "Test Admin",
        "email": "admin@trackfo.com",
        "roles": [
          "ADMIN"
        ]
      }
    }

      at log (src/controllers/auth.controller.js:19:13)

  console.log
    prisma:query SELECT `trackfodb`.`User`.`id`, `trackfodb`.`User`.`nama`, `trackfodb`.`User`.`email`, `trackfodb`.`User`.`password`, `trackfodb`.`User`.`isActive`, `trackfodb`.`User`.`createdAt` FROM `trackfodb`.`User` WHERE (`trackfodb`.`User`.`email` = ? AND 1=1) LIMIT ? OFFSET ?

      at Object.log (node_modules/@prisma/internals/src/logger.ts:13:11)

  console.log
    prisma:query SELECT `trackfodb`.`UserRole`.`userId`, `trackfodb`.`UserRole`.`roleId` FROM `trackfodb`.`UserRole` WHERE `trackfodb`.`UserRole`.`userId` IN (?)

      at Object.log (node_modules/@prisma/internals/src/logger.ts:13:11)

  console.log
    prisma:query SELECT `trackfodb`.`Role`.`id`, `trackfodb`.`Role`.`nama_role` FROM `trackfodb`.`Role` WHERE `trackfodb`.`Role`.`id` IN (?)

      at Object.log (node_modules/@prisma/internals/src/logger.ts:13:11)

  console.log
    LOGIN RESULT: {
      "token": "eyJhbGciOiJIUzI1NiIsInR5cCI6IkpXVCJ9.eyJpZCI6MTkyMSwiZW1haWwiOiJ0ZWtuaXNpMUB0cmFja2ZvLmNvbSIsImlhdCI6MTc3NDgwNzk5OCwiZXhwIjoxNzc0ODk0Mzk4LCJpc3MiOiJsYXBvcmtldHVhLWFwaSJ9.Josuf-_eUZsI3a8JFu5HOt0XJsRDmlkgVz5bI3bQLy8",
      "user": {
        "id": 1921,
        "nama": "Test Teknisi",
        "email": "teknisi1@trackfo.com",
        "roles": [
          "TEKNISI"
        ]
      }
    }

      at log (src/controllers/auth.controller.js:19:13)

  console.log
    ✅ Tokens obtained

      at Object.log (test/user.test.js:78:13)

  console.log
    prisma:query SELECT `trackfodb`.`User`.`id`, `trackfodb`.`User`.`nama`, `trackfodb`.`User`.`email`, `trackfodb`.`User`.`password`, `trackfodb`.`User`.`isActive`, `trackfodb`.`User`.`createdAt` FROM `trackfodb`.`User` WHERE (`trackfodb`.`User`.`id` = ? AND 1=1) LIMIT ? OFFSET ?

      at Object.log (node_modules/@prisma/internals/src/logger.ts:13:11)

  console.log
    prisma:query SELECT `trackfodb`.`UserRole`.`userId`, `trackfodb`.`UserRole`.`roleId` FROM `trackfodb`.`UserRole` WHERE `trackfodb`.`UserRole`.`userId` IN (?)

      at Object.log (node_modules/@prisma/internals/src/logger.ts:13:11)

  console.log
    prisma:query SELECT `trackfodb`.`Role`.`id`, `trackfodb`.`Role`.`nama_role` FROM `trackfodb`.`Role` WHERE `trackfodb`.`Role`.`id` IN (?)

      at Object.log (node_modules/@prisma/internals/src/logger.ts:13:11)

  console.log
    prisma:query BEGIN

      at Object.log (node_modules/@prisma/internals/src/logger.ts:13:11)

  console.log
    prisma:query SELECT `trackfodb`.`DataTeknisi`.`id` FROM `trackfodb`.`DataTeknisi` WHERE (`trackfodb`.`DataTeknisi`.`userId` = ? AND 1=1)

      at Object.log (node_modules/@prisma/internals/src/logger.ts:13:11)

  console.log
    prisma:query UPDATE `trackfodb`.`DataTeknisi` SET `noHp` = ? WHERE (`trackfodb`.`DataTeknisi`.`id` IN (?) AND (`trackfodb`.`DataTeknisi`.`userId` = ? AND 1=1))

      at Object.log (node_modules/@prisma/internals/src/logger.ts:13:11)

  console.log
    prisma:query SELECT `trackfodb`.`DataTeknisi`.`id`, `trackfodb`.`DataTeknisi`.`userId`, `trackfodb`.`DataTeknisi`.`noHp`, `trackfodb`.`DataTeknisi`.`areaKerja`, `trackfodb`.`DataTeknisi`.`alamat`, `trackfodb`.`DataTeknisi`.`latitude`, `trackfodb`.`DataTeknisi`.`longitude`, `trackfodb`.`DataTeknisi`.`lastSeen`, `trackfodb`.`DataTeknisi`.`status` FROM `trackfodb`.`DataTeknisi` WHERE `trackfodb`.`DataTeknisi`.`id` = ? LIMIT ? OFFSET ?

      at Object.log (node_modules/@prisma/internals/src/logger.ts:13:11)

  console.log
    prisma:query SELECT `trackfodb`.`User`.`id`, `trackfodb`.`User`.`nama`, `trackfodb`.`User`.`email`, `trackfodb`.`User`.`password`, `trackfodb`.`User`.`isActive`, `trackfodb`.`User`.`createdAt` FROM `trackfodb`.`User` WHERE (`trackfodb`.`User`.`id` = ? AND 1=1) LIMIT ? OFFSET ?

      at Object.log (node_modules/@prisma/internals/src/logger.ts:13:11)

  console.log
    prisma:query SELECT `trackfodb`.`UserRole`.`userId`, `trackfodb`.`UserRole`.`roleId` FROM `trackfodb`.`UserRole` WHERE `trackfodb`.`UserRole`.`userId` IN (?)

      at Object.log (node_modules/@prisma/internals/src/logger.ts:13:11)

  console.log
    prisma:query SELECT `trackfodb`.`Role`.`id`, `trackfodb`.`Role`.`nama_role` FROM `trackfodb`.`Role` WHERE `trackfodb`.`Role`.`id` IN (?)

      at Object.log (node_modules/@prisma/internals/src/logger.ts:13:11)

  console.log
    prisma:query SELECT `trackfodb`.`DataTeknisi`.`id`, `trackfodb`.`DataTeknisi`.`userId`, `trackfodb`.`DataTeknisi`.`noHp`, `trackfodb`.`DataTeknisi`.`areaKerja`, `trackfodb`.`DataTeknisi`.`alamat`, `trackfodb`.`DataTeknisi`.`latitude`, `trackfodb`.`DataTeknisi`.`longitude`, `trackfodb`.`DataTeknisi`.`lastSeen`, `trackfodb`.`DataTeknisi`.`status` FROM `trackfodb`.`DataTeknisi` WHERE `trackfodb`.`DataTeknisi`.`userId` IN (?)

      at Object.log (node_modules/@prisma/internals/src/logger.ts:13:11)

  console.log
    prisma:query COMMIT

      at Object.log (node_modules/@prisma/internals/src/logger.ts:13:11)

  console.log
    ✅ User test data seeded

      at Object.log (test/user.test.js:75:13)

  console.log
    prisma:query SELECT `trackfodb`.`User`.`id`, `trackfodb`.`User`.`nama`, `trackfodb`.`User`.`email`, `trackfodb`.`User`.`password`, `trackfodb`.`User`.`isActive`, `trackfodb`.`User`.`createdAt` FROM `trackfodb`.`User` WHERE (`trackfodb`.`User`.`email` = ? AND 1=1) LIMIT ? OFFSET ?

      at Object.log (node_modules/@prisma/internals/src/logger.ts:13:11)

  console.log
    prisma:query SELECT `trackfodb`.`UserRole`.`userId`, `trackfodb`.`UserRole`.`roleId` FROM `trackfodb`.`UserRole` WHERE `trackfodb`.`UserRole`.`userId` IN (?)

      at Object.log (node_modules/@prisma/internals/src/logger.ts:13:11)

  console.log
    prisma:query SELECT `trackfodb`.`Role`.`id`, `trackfodb`.`Role`.`nama_role` FROM `trackfodb`.`Role` WHERE `trackfodb`.`Role`.`id` IN (?)

      at Object.log (node_modules/@prisma/internals/src/logger.ts:13:11)

  console.log
    LOGIN RESULT: {
      "token": "eyJhbGciOiJIUzI1NiIsInR5cCI6IkpXVCJ9.eyJpZCI6MTkyMiwiZW1haWwiOiJhZG1pbkB0cmFja2ZvLmNvbSIsImlhdCI6MTc3NDgwNzk5OSwiZXhwIjoxNzc0ODk0Mzk5LCJpc3MiOiJsYXBvcmtldHVhLWFwaSJ9.UGP6azqCSfmDE7Zn3Fnqrlx43F9TsuIPM5QMMwWNJOo",
      "user": {
        "id": 1922,
        "nama": "Test Admin",
        "email": "admin@trackfo.com",
        "roles": [
          "ADMIN"
        ]
      }
    }

      at log (src/controllers/auth.controller.js:19:13)

  console.log
    prisma:query SELECT `trackfodb`.`User`.`id`, `trackfodb`.`User`.`nama`, `trackfodb`.`User`.`email`, `trackfodb`.`User`.`password`, `trackfodb`.`User`.`isActive`, `trackfodb`.`User`.`createdAt` FROM `trackfodb`.`User` WHERE (`trackfodb`.`User`.`email` = ? AND 1=1) LIMIT ? OFFSET ?

      at Object.log (node_modules/@prisma/internals/src/logger.ts:13:11)

  console.log
    prisma:query SELECT `trackfodb`.`UserRole`.`userId`, `trackfodb`.`UserRole`.`roleId` FROM `trackfodb`.`UserRole` WHERE `trackfodb`.`UserRole`.`userId` IN (?)

      at Object.log (node_modules/@prisma/internals/src/logger.ts:13:11)

  console.log
    prisma:query SELECT `trackfodb`.`Role`.`id`, `trackfodb`.`Role`.`nama_role` FROM `trackfodb`.`Role` WHERE `trackfodb`.`Role`.`id` IN (?)

      at Object.log (node_modules/@prisma/internals/src/logger.ts:13:11)

  console.log
    LOGIN RESULT: {
      "token": "eyJhbGciOiJIUzI1NiIsInR5cCI6IkpXVCJ9.eyJpZCI6MTkyMywiZW1haWwiOiJ0ZWtuaXNpMUB0cmFja2ZvLmNvbSIsImlhdCI6MTc3NDgwNzk5OSwiZXhwIjoxNzc0ODk0Mzk5LCJpc3MiOiJsYXBvcmtldHVhLWFwaSJ9.90A2g1Qd-UNmwFIc2fIoUAPNPFxjfIn8OaSp7LBiZPU",
      "user": {
        "id": 1923,
        "nama": "Test Teknisi",
        "email": "teknisi1@trackfo.com",
        "roles": [
          "TEKNISI"
        ]
      }
    }

      at log (src/controllers/auth.controller.js:19:13)

  console.log
    ✅ Tokens obtained

      at Object.log (test/user.test.js:78:13)

  console.log
    prisma:query SELECT `trackfodb`.`User`.`id`, `trackfodb`.`User`.`nama`, `trackfodb`.`User`.`email`, `trackfodb`.`User`.`password`, `trackfodb`.`User`.`isActive`, `trackfodb`.`User`.`createdAt` FROM `trackfodb`.`User` WHERE (`trackfodb`.`User`.`id` = ? AND 1=1) LIMIT ? OFFSET ?

      at Object.log (node_modules/@prisma/internals/src/logger.ts:13:11)

  console.log
    prisma:query SELECT `trackfodb`.`UserRole`.`userId`, `trackfodb`.`UserRole`.`roleId` FROM `trackfodb`.`UserRole` WHERE `trackfodb`.`UserRole`.`userId` IN (?)

      at Object.log (node_modules/@prisma/internals/src/logger.ts:13:11)

  console.log
    prisma:query SELECT `trackfodb`.`Role`.`id`, `trackfodb`.`Role`.`nama_role` FROM `trackfodb`.`Role` WHERE `trackfodb`.`Role`.`id` IN (?)

      at Object.log (node_modules/@prisma/internals/src/logger.ts:13:11)

  console.log
    ✅ User test data seeded

      at Object.log (test/user.test.js:75:13)

  console.log
    prisma:query SELECT `trackfodb`.`User`.`id`, `trackfodb`.`User`.`nama`, `trackfodb`.`User`.`email`, `trackfodb`.`User`.`password`, `trackfodb`.`User`.`isActive`, `trackfodb`.`User`.`createdAt` FROM `trackfodb`.`User` WHERE (`trackfodb`.`User`.`email` = ? AND 1=1) LIMIT ? OFFSET ?

      at Object.log (node_modules/@prisma/internals/src/logger.ts:13:11)

  console.log
    prisma:query SELECT `trackfodb`.`UserRole`.`userId`, `trackfodb`.`UserRole`.`roleId` FROM `trackfodb`.`UserRole` WHERE `trackfodb`.`UserRole`.`userId` IN (?)

      at Object.log (node_modules/@prisma/internals/src/logger.ts:13:11)

  console.log
    prisma:query SELECT `trackfodb`.`Role`.`id`, `trackfodb`.`Role`.`nama_role` FROM `trackfodb`.`Role` WHERE `trackfodb`.`Role`.`id` IN (?)

      at Object.log (node_modules/@prisma/internals/src/logger.ts:13:11)

  console.log
    LOGIN RESULT: {
      "token": "eyJhbGciOiJIUzI1NiIsInR5cCI6IkpXVCJ9.eyJpZCI6MTkyNCwiZW1haWwiOiJhZG1pbkB0cmFja2ZvLmNvbSIsImlhdCI6MTc3NDgwODAwMCwiZXhwIjoxNzc0ODk0NDAwLCJpc3MiOiJsYXBvcmtldHVhLWFwaSJ9.i2QlCIqnB82zOe1e-hbZJ2strFCDzp_BLNc7S-7LG74",
      "user": {
        "id": 1924,
        "nama": "Test Admin",
        "email": "admin@trackfo.com",
        "roles": [
          "ADMIN"
        ]
      }
    }

      at log (src/controllers/auth.controller.js:19:13)

  console.log
    prisma:query SELECT `trackfodb`.`User`.`id`, `trackfodb`.`User`.`nama`, `trackfodb`.`User`.`email`, `trackfodb`.`User`.`password`, `trackfodb`.`User`.`isActive`, `trackfodb`.`User`.`createdAt` FROM `trackfodb`.`User` WHERE (`trackfodb`.`User`.`email` = ? AND 1=1) LIMIT ? OFFSET ?

      at Object.log (node_modules/@prisma/internals/src/logger.ts:13:11)

  console.log
    prisma:query SELECT `trackfodb`.`UserRole`.`userId`, `trackfodb`.`UserRole`.`roleId` FROM `trackfodb`.`UserRole` WHERE `trackfodb`.`UserRole`.`userId` IN (?)

      at Object.log (node_modules/@prisma/internals/src/logger.ts:13:11)

  console.log
    prisma:query SELECT `trackfodb`.`Role`.`id`, `trackfodb`.`Role`.`nama_role` FROM `trackfodb`.`Role` WHERE `trackfodb`.`Role`.`id` IN (?)

      at Object.log (node_modules/@prisma/internals/src/logger.ts:13:11)

  console.log
    LOGIN RESULT: {
      "token": "eyJhbGciOiJIUzI1NiIsInR5cCI6IkpXVCJ9.eyJpZCI6MTkyNSwiZW1haWwiOiJ0ZWtuaXNpMUB0cmFja2ZvLmNvbSIsImlhdCI6MTc3NDgwODAwMCwiZXhwIjoxNzc0ODk0NDAwLCJpc3MiOiJsYXBvcmtldHVhLWFwaSJ9.muremRAOGO-tM792fnTpHGy3lFyzP914ZnNFa23QXSY",
      "user": {
        "id": 1925,
        "nama": "Test Teknisi",
        "email": "teknisi1@trackfo.com",
        "roles": [
          "TEKNISI"
        ]
      }
    }

      at log (src/controllers/auth.controller.js:19:13)

  console.log
    ✅ Tokens obtained

      at Object.log (test/user.test.js:78:13)

  console.log
    prisma:query SELECT `trackfodb`.`User`.`id`, `trackfodb`.`User`.`nama`, `trackfodb`.`User`.`email`, `trackfodb`.`User`.`password`, `trackfodb`.`User`.`isActive`, `trackfodb`.`User`.`createdAt` FROM `trackfodb`.`User` WHERE (`trackfodb`.`User`.`id` = ? AND 1=1) LIMIT ? OFFSET ?

      at Object.log (node_modules/@prisma/internals/src/logger.ts:13:11)

  console.log
    prisma:query SELECT `trackfodb`.`UserRole`.`userId`, `trackfodb`.`UserRole`.`roleId` FROM `trackfodb`.`UserRole` WHERE `trackfodb`.`UserRole`.`userId` IN (?)

      at Object.log (node_modules/@prisma/internals/src/logger.ts:13:11)

  console.log
    prisma:query SELECT `trackfodb`.`Role`.`id`, `trackfodb`.`Role`.`nama_role` FROM `trackfodb`.`Role` WHERE `trackfodb`.`Role`.`id` IN (?)

      at Object.log (node_modules/@prisma/internals/src/logger.ts:13:11)

  console.log
    prisma:query BEGIN

      at Object.log (node_modules/@prisma/internals/src/logger.ts:13:11)

  console.log
    prisma:query SELECT `trackfodb`.`User`.`id` FROM `trackfodb`.`User` WHERE (`trackfodb`.`User`.`id` = ? AND 1=1) LIMIT ? OFFSET ?

      at Object.log (node_modules/@prisma/internals/src/logger.ts:13:11)

  console.log
    prisma:query UPDATE `trackfodb`.`User` SET `isActive` = ? WHERE (`trackfodb`.`User`.`id` IN (?) AND (`trackfodb`.`User`.`id` = ? AND 1=1))

      at Object.log (node_modules/@prisma/internals/src/logger.ts:13:11)

  console.log
    prisma:query SELECT `trackfodb`.`User`.`id`, `trackfodb`.`User`.`nama`, `trackfodb`.`User`.`email`, `trackfodb`.`User`.`password`, `trackfodb`.`User`.`isActive`, `trackfodb`.`User`.`createdAt` FROM `trackfodb`.`User` WHERE `trackfodb`.`User`.`id` = ? LIMIT ? OFFSET ?

      at Object.log (node_modules/@prisma/internals/src/logger.ts:13:11)

  console.log
    prisma:query COMMIT

      at Object.log (node_modules/@prisma/internals/src/logger.ts:13:11)

  console.log
    ✅ User test data seeded

      at Object.log (test/user.test.js:75:13)

  console.log
    prisma:query SELECT `trackfodb`.`User`.`id`, `trackfodb`.`User`.`nama`, `trackfodb`.`User`.`email`, `trackfodb`.`User`.`password`, `trackfodb`.`User`.`isActive`, `trackfodb`.`User`.`createdAt` FROM `trackfodb`.`User` WHERE (`trackfodb`.`User`.`email` = ? AND 1=1) LIMIT ? OFFSET ?

      at Object.log (node_modules/@prisma/internals/src/logger.ts:13:11)

  console.log
    prisma:query SELECT `trackfodb`.`UserRole`.`userId`, `trackfodb`.`UserRole`.`roleId` FROM `trackfodb`.`UserRole` WHERE `trackfodb`.`UserRole`.`userId` IN (?)

      at Object.log (node_modules/@prisma/internals/src/logger.ts:13:11)

  console.log
    prisma:query SELECT `trackfodb`.`Role`.`id`, `trackfodb`.`Role`.`nama_role` FROM `trackfodb`.`Role` WHERE `trackfodb`.`Role`.`id` IN (?)

      at Object.log (node_modules/@prisma/internals/src/logger.ts:13:11)

  console.log
    LOGIN RESULT: {
      "token": "eyJhbGciOiJIUzI1NiIsInR5cCI6IkpXVCJ9.eyJpZCI6MTkyNiwiZW1haWwiOiJhZG1pbkB0cmFja2ZvLmNvbSIsImlhdCI6MTc3NDgwODAwMSwiZXhwIjoxNzc0ODk0NDAxLCJpc3MiOiJsYXBvcmtldHVhLWFwaSJ9.fMW6eUphmfL8nzOO_gNj3EYR767t1xvDmJueo42Ig1c",
      "user": {
        "id": 1926,
        "nama": "Test Admin",
        "email": "admin@trackfo.com",
        "roles": [
          "ADMIN"
        ]
      }
    }

      at log (src/controllers/auth.controller.js:19:13)

  console.log
    prisma:query SELECT `trackfodb`.`User`.`id`, `trackfodb`.`User`.`nama`, `trackfodb`.`User`.`email`, `trackfodb`.`User`.`password`, `trackfodb`.`User`.`isActive`, `trackfodb`.`User`.`createdAt` FROM `trackfodb`.`User` WHERE (`trackfodb`.`User`.`email` = ? AND 1=1) LIMIT ? OFFSET ?

      at Object.log (node_modules/@prisma/internals/src/logger.ts:13:11)

  console.log
    prisma:query SELECT `trackfodb`.`UserRole`.`userId`, `trackfodb`.`UserRole`.`roleId` FROM `trackfodb`.`UserRole` WHERE `trackfodb`.`UserRole`.`userId` IN (?)

      at Object.log (node_modules/@prisma/internals/src/logger.ts:13:11)

  console.log
    prisma:query SELECT `trackfodb`.`Role`.`id`, `trackfodb`.`Role`.`nama_role` FROM `trackfodb`.`Role` WHERE `trackfodb`.`Role`.`id` IN (?)

      at Object.log (node_modules/@prisma/internals/src/logger.ts:13:11)

  console.log
    LOGIN RESULT: {
      "token": "eyJhbGciOiJIUzI1NiIsInR5cCI6IkpXVCJ9.eyJpZCI6MTkyNywiZW1haWwiOiJ0ZWtuaXNpMUB0cmFja2ZvLmNvbSIsImlhdCI6MTc3NDgwODAwMSwiZXhwIjoxNzc0ODk0NDAxLCJpc3MiOiJsYXBvcmtldHVhLWFwaSJ9.1PHiC4SsfhvbnGurLzWmIiZl750p2CFq_HXhQZdopTI",
      "user": {
        "id": 1927,
        "nama": "Test Teknisi",
        "email": "teknisi1@trackfo.com",
        "roles": [
          "TEKNISI"
        ]
      }
    }

      at log (src/controllers/auth.controller.js:19:13)

  console.log
    ✅ Tokens obtained

      at Object.log (test/user.test.js:78:13)

  console.log
    prisma:query SELECT `trackfodb`.`User`.`id`, `trackfodb`.`User`.`nama`, `trackfodb`.`User`.`email`, `trackfodb`.`User`.`password`, `trackfodb`.`User`.`isActive`, `trackfodb`.`User`.`createdAt` FROM `trackfodb`.`User` WHERE (`trackfodb`.`User`.`id` = ? AND 1=1) LIMIT ? OFFSET ?

      at Object.log (node_modules/@prisma/internals/src/logger.ts:13:11)

  console.log
    prisma:query SELECT `trackfodb`.`UserRole`.`userId`, `trackfodb`.`UserRole`.`roleId` FROM `trackfodb`.`UserRole` WHERE `trackfodb`.`UserRole`.`userId` IN (?)

      at Object.log (node_modules/@prisma/internals/src/logger.ts:13:11)

  console.log
    prisma:query SELECT `trackfodb`.`Role`.`id`, `trackfodb`.`Role`.`nama_role` FROM `trackfodb`.`Role` WHERE `trackfodb`.`Role`.`id` IN (?)

      at Object.log (node_modules/@prisma/internals/src/logger.ts:13:11)

  console.log
    ✅ User test data seeded

      at Object.log (test/user.test.js:75:13)

  console.log
    prisma:query SELECT 1

      at Object.log (node_modules/@prisma/internals/src/logger.ts:13:11)

  console.log
    prisma:query SELECT `trackfodb`.`User`.`id`, `trackfodb`.`User`.`nama`, `trackfodb`.`User`.`email`, `trackfodb`.`User`.`password`, `trackfodb`.`User`.`isActive`, `trackfodb`.`User`.`createdAt` FROM `trackfodb`.`User` WHERE (`trackfodb`.`User`.`email` = ? AND 1=1) LIMIT ? OFFSET ?

      at Object.log (node_modules/@prisma/internals/src/logger.ts:13:11)

  console.log
    prisma:query SELECT `trackfodb`.`UserRole`.`userId`, `trackfodb`.`UserRole`.`roleId` FROM `trackfodb`.`UserRole` WHERE `trackfodb`.`UserRole`.`userId` IN (?)

      at Object.log (node_modules/@prisma/internals/src/logger.ts:13:11)

  console.log
    prisma:query SELECT `trackfodb`.`Role`.`id`, `trackfodb`.`Role`.`nama_role` FROM `trackfodb`.`Role` WHERE `trackfodb`.`Role`.`id` IN (?)

      at Object.log (node_modules/@prisma/internals/src/logger.ts:13:11)

  console.log
    LOGIN RESULT: {
      "token": "eyJhbGciOiJIUzI1NiIsInR5cCI6IkpXVCJ9.eyJpZCI6MTkyOCwiZW1haWwiOiJhZG1pbkB0cmFja2ZvLmNvbSIsImlhdCI6MTc3NDgwODAwMiwiZXhwIjoxNzc0ODk0NDAyLCJpc3MiOiJsYXBvcmtldHVhLWFwaSJ9.TdRKKhdFqqxcKOI4-tpTawydLeIJG5DWxfD7O_O5gP0",
      "user": {
        "id": 1928,
        "nama": "Test Admin",
        "email": "admin@trackfo.com",
        "roles": [
          "ADMIN"
        ]
      }
    }

      at log (src/controllers/auth.controller.js:19:13)

  console.log
    prisma:query SELECT `trackfodb`.`User`.`id`, `trackfodb`.`User`.`nama`, `trackfodb`.`User`.`email`, `trackfodb`.`User`.`password`, `trackfodb`.`User`.`isActive`, `trackfodb`.`User`.`createdAt` FROM `trackfodb`.`User` WHERE (`trackfodb`.`User`.`email` = ? AND 1=1) LIMIT ? OFFSET ?

      at Object.log (node_modules/@prisma/internals/src/logger.ts:13:11)

  console.log
    prisma:query SELECT `trackfodb`.`UserRole`.`userId`, `trackfodb`.`UserRole`.`roleId` FROM `trackfodb`.`UserRole` WHERE `trackfodb`.`UserRole`.`userId` IN (?)

      at Object.log (node_modules/@prisma/internals/src/logger.ts:13:11)

  console.log
    prisma:query SELECT `trackfodb`.`Role`.`id`, `trackfodb`.`Role`.`nama_role` FROM `trackfodb`.`Role` WHERE `trackfodb`.`Role`.`id` IN (?)

      at Object.log (node_modules/@prisma/internals/src/logger.ts:13:11)

  console.log
    LOGIN RESULT: {
      "token": "eyJhbGciOiJIUzI1NiIsInR5cCI6IkpXVCJ9.eyJpZCI6MTkyOSwiZW1haWwiOiJ0ZWtuaXNpMUB0cmFja2ZvLmNvbSIsImlhdCI6MTc3NDgwODAwMiwiZXhwIjoxNzc0ODk0NDAyLCJpc3MiOiJsYXBvcmtldHVhLWFwaSJ9.j_JLSoldzTZ-BX-VybyGrX1JoacMJZsJ9X6bWjUV1vo",
      "user": {
        "id": 1929,
        "nama": "Test Teknisi",
        "email": "teknisi1@trackfo.com",
        "roles": [
          "TEKNISI"
        ]
      }
    }

      at log (src/controllers/auth.controller.js:19:13)

  console.log
    ✅ Tokens obtained

      at Object.log (test/user.test.js:78:13)

  console.log
    prisma:query SELECT `trackfodb`.`User`.`id`, `trackfodb`.`User`.`nama`, `trackfodb`.`User`.`email`, `trackfodb`.`User`.`password`, `trackfodb`.`User`.`isActive`, `trackfodb`.`User`.`createdAt` FROM `trackfodb`.`User` WHERE (`trackfodb`.`User`.`id` = ? AND 1=1) LIMIT ? OFFSET ?

      at Object.log (node_modules/@prisma/internals/src/logger.ts:13:11)

  console.log
    prisma:query SELECT `trackfodb`.`UserRole`.`userId`, `trackfodb`.`UserRole`.`roleId` FROM `trackfodb`.`UserRole` WHERE `trackfodb`.`UserRole`.`userId` IN (?)

      at Object.log (node_modules/@prisma/internals/src/logger.ts:13:11)

  console.log
    prisma:query SELECT `trackfodb`.`Role`.`id`, `trackfodb`.`Role`.`nama_role` FROM `trackfodb`.`Role` WHERE `trackfodb`.`Role`.`id` IN (?)

      at Object.log (node_modules/@prisma/internals/src/logger.ts:13:11)

PASS test/user.test.js (16.651 s)
  User API
    POST /api/users
      ✓ should create user successfully with admin token (1771 ms)
      ✓ should generate temporary password if not provided (1285 ms)
      ✓ should reject invalid email format (927 ms)
      ✓ should reject duplicate email (948 ms)
      ✓ should reject without admin token (970 ms)
    GET /api/users/teknisi
      ✓ should get all teknisi with admin token (925 ms)
      ✓ should reject without admin token (919 ms)
    GET /api/users/me
      ✓ should get own profile with teknisi token (975 ms)
      ✓ should reject without authentication (930 ms)
    PATCH /api/users/:id
      ✓ should update teknisi data with admin token (938 ms)
      ✓ should allow teknisi to update own data (limited) (944 ms)
      ✓ should prevent teknisi from updating restricted fields (935 ms)
      ✓ should reject unauthorized access (901 ms)
    DELETE /api/users/:id
      ✓ should soft delete user with admin token (930 ms)
      ✓ should prevent self deletion (919 ms)
      ✓ should reject without admin token (914 ms)

Test Suites: 1 passed, 1 total
Tests:       16 passed, 16 total
Snapshots:   0 total
Time:        16.714 s, estimated 17 s
Ran all test suites matching test/user.test.js.
